C:\Users\micha\OneDrive\文件\gravia_live\polymarket_live_status_server.py:21: DeprecationWarning: websockets.server.serve is deprecated
  from websockets.server import serve
2026-09-02 21:26:24,405 [INFO] ==================================================
2026-09-02 21:26:24,406 [INFO]   Polymarket 真實損益 · 唯讀狀態伺服器
2026-09-02 21:26:24,406 [INFO]   WebSocket: ws://localhost:8767
2026-09-02 21:26:24,407 [INFO]   純唯讀查詢，不會下單、不會動用任何資金
2026-09-02 21:26:24,407 [INFO]   開啟 web/polymarket_live.html 查看
2026-09-02 21:26:24,407 [INFO] ==================================================
2026-09-02 21:26:24,418 [INFO] server listening on 127.0.0.1:8767
2026-09-02 21:26:24,419 [INFO] server listening on [::1]:8767
2026-09-02 21:26:24,422 [INFO] connection open
2026-09-02 21:26:24,423 [INFO] 真實損益頁面已連接（共 1 個客戶端）
2026-09-02 21:26:25,149 [INFO] 連線到 https://clob.polymarket.com（chain_id=137, signature_type=3）...
2026-09-02 21:26:25,561 [ERROR] [py_clob_client_v2] request error status=400 url=https://clob.polymarket.com/auth/api-key body={"error":"Could not create api key"}

2026-09-02 21:26:25,839 [INFO] API 憑證取得成功
2026-09-02 21:26:29,540 [INFO] 真實帳戶狀態：餘額 $91.60，持有部位 0 個，成交 30 筆
2026-09-02 21:26:43,320 [INFO] 真實帳戶狀態：餘額 $91.60，持有部位 0 個，成交 30 筆
2026-09-02 21:26:57,786 [INFO] 真實帳戶狀態：餘額 $91.60，持有部位 0 個，成交 30 筆
2026-09-02 21:27:11,893 [INFO] 真實帳戶狀態：餘額 $91.60，持有部位 0 個，成交 30 筆
2026-09-02 21:27:25,823 [INFO] 真實帳戶狀態：餘額 $91.60，持有部位 0 個，成交 30 筆
2026-09-02 21:27:39,828 [INFO] 真實帳戶狀態：餘額 $91.60，持有部位 0 個，成交 30 筆
2026-09-02 21:27:53,865 [INFO] 真實帳戶狀態：餘額 $91.60，持有部位 0 個，成交 30 筆
2026-09-02 21:28:10,223 [INFO] 真實帳戶狀態：餘額 $91.60，持有部位 0 個，成交 30 筆
2026-09-02 21:28:24,452 [INFO] 真實帳戶狀態：餘額 $91.60，持有部位 0 個，成交 30 筆
2026-09-02 21:28:39,834 [INFO] 真實帳戶狀態：餘額 $91.60，持有部位 0 個，成交 30 筆
2026-09-02 21:28:53,998 [INFO] 真實帳戶狀態：餘額 $91.60，持有部位 0 個，成交 30 筆
2026-09-02 21:29:07,890 [INFO] 真實帳戶狀態：餘額 $91.60，持有部位 0 個，成交 30 筆
2026-09-02 21:29:21,790 [INFO] 真實帳戶狀態：餘額 $91.60，持有部位 0 個，成交 30 筆
2026-09-02 21:29:35,682 [INFO] 真實帳戶狀態：餘額 $91.60，持有部位 0 個，成交 30 筆
2026-09-02 21:29:49,995 [INFO] 真實帳戶狀態：餘額 $91.60，持有部位 0 個，成交 30 筆
2026-09-02 21:30:04,215 [INFO] 真實帳戶狀態：餘額 $91.60，持有部位 0 個，成交 30 筆
2026-09-02 21:30:18,251 [INFO] 真實帳戶狀態：餘額 $91.60，持有部位 0 個，成交 30 筆
2026-09-02 21:30:33,389 [INFO] 真實帳戶狀態：餘額 $91.60，持有部位 0 個，成交 30 筆
2026-09-02 21:30:47,543 [INFO] 真實帳戶狀態：餘額 $91.60，持有部位 0 個，成交 30 筆
2026-09-02 21:31:01,739 [INFO] 真實帳戶狀態：餘額 $91.60，持有部位 0 個，成交 30 筆
2026-09-02 21:31:15,580 [INFO] 真實帳戶狀態：餘額 $91.60，持有部位 0 個，成交 30 筆
2026-09-02 21:31:29,636 [INFO] 真實帳戶狀態：餘額 $91.60，持有部位 0 個，成交 30 筆
2026-09-02 21:31:43,490 [INFO] 真實帳戶狀態：餘額 $91.60，持有部位 0 個，成交 30 筆
2026-09-02 21:31:57,665 [INFO] 真實帳戶狀態：餘額 $91.60，持有部位 0 個，成交 30 筆
2026-09-02 21:32:11,472 [INFO] 真實帳戶狀態：餘額 $91.60，持有部位 0 個，成交 30 筆
2026-09-02 21:32:29,427 [INFO] 真實帳戶狀態：餘額 $91.60，持有部位 0 個，成交 30 筆
2026-09-02 21:32:43,383 [INFO] 真實帳戶狀態：餘額 $91.60，持有部位 0 個，成交 30 筆
2026-09-02 21:32:57,142 [INFO] 真實帳戶狀態：餘額 $91.60，持有部位 0 個，成交 30 筆
2026-09-02 21:33:10,933 [INFO] 真實帳戶狀態：餘額 $91.60，持有部位 0 個，成交 30 筆
2026-09-02 21:33:24,698 [INFO] 真實帳戶狀態：餘額 $91.60，持有部位 0 個，成交 30 筆
2026-09-02 21:33:38,577 [INFO] 真實帳戶狀態：餘額 $91.60，持有部位 0 個，成交 30 筆
2026-09-02 21:33:48,425 [INFO] 真實損益頁面已斷線（剩 0 個客戶端）
2026-09-02 21:33:48,426 [INFO] connection closed
2026-09-02 21:33:48,432 [INFO] connection open
2026-09-02 21:33:48,433 [INFO] 真實損益頁面已連接（共 1 個客戶端）
2026-09-02 21:33:48,929 [INFO] 真實損益頁面已斷線（剩 0 個客戶端）
2026-09-02 21:33:48,930 [INFO] connection closed
2026-09-02 21:33:48,935 [INFO] connection open
2026-09-02 21:33:48,936 [INFO] 真實損益頁面已連接（共 1 個客戶端）
2026-09-02 21:33:49,112 [INFO] 真實損益頁面已斷線（剩 0 個客戶端）
2026-09-02 21:33:49,114 [INFO] connection closed
2026-09-02 21:33:49,119 [INFO] connection open
2026-09-02 21:33:49,121 [INFO] 真實損益頁面已連接（共 1 個客戶端）
2026-09-02 21:33:52,548 [INFO] 真實帳戶狀態：餘額 $91.60，持有部位 0 個，成交 30 筆
2026-09-02 21:34:09,291 [INFO] 真實帳戶狀態：餘額 $91.60，持有部位 0 個，成交 30 筆
2026-09-02 21:34:24,288 [INFO] 真實帳戶狀態：餘額 $91.60，持有部位 0 個，成交 30 筆
2026-09-02 21:34:38,595 [INFO] 真實帳戶狀態：餘額 $91.60，持有部位 0 個，成交 30 筆
2026-09-02 21:34:52,374 [INFO] 真實帳戶狀態：餘額 $91.60，持有部位 0 個，成交 30 筆
2026-09-02 21:35:06,156 [INFO] 真實帳戶狀態：餘額 $91.60，持有部位 0 個，成交 30 筆
2026-09-02 21:35:20,209 [INFO] 真實帳戶狀態：餘額 $91.60，持有部位 0 個，成交 30 筆
2026-09-02 21:35:34,018 [INFO] 真實帳戶狀態：餘額 $91.60，持有部位 0 個，成交 30 筆
2026-09-02 21:35:48,442 [INFO] 真實帳戶狀態：餘額 $91.60，持有部位 0 個，成交 30 筆
2026-09-02 21:36:04,703 [INFO] 真實帳戶狀態：餘額 $91.60，持有部位 0 個，成交 30 筆
2026-09-02 21:36:19,396 [INFO] 真實帳戶狀態：餘額 $91.60，持有部位 0 個，成交 30 筆
2026-09-02 21:36:34,808 [INFO] 真實帳戶狀態：餘額 $91.60，持有部位 0 個，成交 30 筆
2026-09-02 21:36:48,706 [INFO] 真實帳戶狀態：餘額 $91.60，持有部位 0 個，成交 30 筆
2026-09-02 21:37:02,564 [INFO] 真實帳戶狀態：餘額 $91.60，持有部位 0 個，成交 30 筆
2026-09-02 21:37:16,670 [INFO] 真實帳戶狀態：餘額 $91.60，持有部位 0 個，成交 30 筆
2026-09-02 21:37:30,842 [INFO] 真實帳戶狀態：餘額 $91.60，持有部位 0 個，成交 30 筆
2026-09-02 21:37:44,911 [INFO] 真實帳戶狀態：餘額 $91.60，持有部位 0 個，成交 30 筆
2026-09-02 21:38:00,783 [INFO] 真實帳戶狀態：餘額 $91.60，持有部位 0 個，成交 30 筆
2026-09-02 21:38:14,599 [INFO] 真實帳戶狀態：餘額 $91.60，持有部位 0 個，成交 30 筆
2026-09-02 21:38:28,429 [INFO] 真實帳戶狀態：餘額 $91.60，持有部位 0 個，成交 30 筆
2026-09-02 21:38:42,238 [INFO] 真實帳戶狀態：餘額 $91.60，持有部位 0 個，成交 30 筆
2026-09-02 21:38:56,304 [INFO] 真實帳戶狀態：餘額 $91.60，持有部位 0 個，成交 30 筆
2026-09-02 21:39:10,114 [INFO] 真實帳戶狀態：餘額 $91.60，持有部位 0 個，成交 30 筆
2026-09-02 21:39:23,853 [INFO] 真實帳戶狀態：餘額 $91.60，持有部位 0 個，成交 30 筆
2026-09-02 21:39:37,968 [INFO] 真實帳戶狀態：餘額 $91.60，持有部位 0 個，成交 30 筆
2026-09-02 21:39:51,841 [INFO] 真實帳戶狀態：餘額 $91.60，持有部位 0 個，成交 30 筆
2026-09-02 21:40:05,713 [INFO] 真實帳戶狀態：餘額 $91.60，持有部位 0 個，成交 30 筆
2026-09-02 21:40:20,065 [INFO] 真實帳戶狀態：餘額 $91.60，持有部位 0 個，成交 30 筆
2026-09-02 21:40:33,860 [INFO] 真實帳戶狀態：餘額 $91.60，持有部位 0 個，成交 30 筆
2026-09-02 21:40:47,649 [INFO] 真實帳戶狀態：餘額 $91.60，持有部位 0 個，成交 30 筆
2026-09-02 21:41:01,427 [INFO] 真實帳戶狀態：餘額 $91.60，持有部位 0 個，成交 30 筆
2026-09-02 21:41:15,408 [INFO] 真實帳戶狀態：餘額 $91.60，持有部位 0 個，成交 30 筆
2026-09-02 21:41:29,431 [INFO] 真實帳戶狀態：餘額 $91.60，持有部位 0 個，成交 30 筆
2026-09-02 21:41:37,552 [INFO] 真實損益頁面已斷線（剩 0 個客戶端）
2026-09-02 21:41:37,554 [INFO] connection closed
2026-09-02 21:41:37,561 [INFO] connection open
2026-09-02 21:41:37,562 [INFO] 真實損益頁面已連接（共 1 個客戶端）
2026-09-02 21:41:43,192 [INFO] 真實帳戶狀態：餘額 $91.60，持有部位 0 個，成交 30 筆
2026-09-02 21:41:57,015 [INFO] 真實帳戶狀態：餘額 $91.60，持有部位 0 個，成交 30 筆
2026-09-02 21:42:10,811 [INFO] 真實帳戶狀態：餘額 $91.60，持有部位 0 個，成交 30 筆
2026-09-02 21:42:24,771 [INFO] 真實帳戶狀態：餘額 $91.60，持有部位 0 個，成交 30 筆
2026-09-02 21:42:39,163 [INFO] 真實帳戶狀態：餘額 $91.60，持有部位 0 個，成交 30 筆
2026-09-02 21:42:53,376 [INFO] 真實帳戶狀態：餘額 $91.60，持有部位 0 個，成交 30 筆
2026-09-02 21:43:07,260 [INFO] 真實帳戶狀態：餘額 $91.60，持有部位 0 個，成交 30 筆
2026-09-02 21:43:21,061 [INFO] 真實帳戶狀態：餘額 $91.60，持有部位 0 個，成交 30 筆
2026-09-02 21:43:34,863 [INFO] 真實帳戶狀態：餘額 $91.60，持有部位 0 個，成交 30 筆
2026-09-02 21:43:48,673 [INFO] 真實帳戶狀態：餘額 $91.60，持有部位 0 個，成交 30 筆
2026-09-02 21:44:02,425 [INFO] 真實帳戶狀態：餘額 $91.60，持有部位 0 個，成交 30 筆
2026-09-02 21:44:16,334 [INFO] 真實帳戶狀態：餘額 $91.60，持有部位 0 個，成交 30 筆
2026-09-02 21:44:30,296 [INFO] 真實帳戶狀態：餘額 $91.60，持有部位 0 個，成交 30 筆
2026-09-02 21:44:44,261 [INFO] 真實帳戶狀態：餘額 $91.60，持有部位 0 個，成交 30 筆
2026-09-02 21:45:04,364 [INFO] 真實帳戶狀態：餘額 $91.60，持有部位 0 個，成交 30 筆
2026-09-02 21:45:20,033 [INFO] 真實帳戶狀態：餘額 $91.60，持有部位 0 個，成交 30 筆
2026-09-02 21:45:34,832 [INFO] 真實帳戶狀態：餘額 $91.60，持有部位 0 個，成交 30 筆
2026-09-02 21:45:45,293 [INFO] 真實損益頁面已斷線（剩 0 個客戶端）
2026-09-02 21:45:45,295 [INFO] connection closed
2026-09-02 21:45:45,303 [INFO] connection open
2026-09-02 21:45:45,304 [INFO] 真實損益頁面已連接（共 1 個客戶端）
2026-09-02 21:45:48,618 [INFO] 真實帳戶狀態：餘額 $91.60，持有部位 0 個，成交 30 筆
2026-09-02 21:46:02,559 [INFO] 真實帳戶狀態：餘額 $91.60，持有部位 0 個，成交 30 筆
2026-09-02 21:46:16,550 [INFO] 真實帳戶狀態：餘額 $91.60，持有部位 0 個，成交 30 筆
2026-09-02 21:46:30,345 [INFO] 真實帳戶狀態：餘額 $91.60，持有部位 0 個，成交 30 筆
2026-09-02 21:46:44,382 [INFO] 真實帳戶狀態：餘額 $91.60，持有部位 0 個，成交 30 筆
2026-09-02 21:47:01,614 [INFO] 真實帳戶狀態：餘額 $91.60，持有部位 0 個，成交 30 筆
2026-09-02 21:47:15,410 [INFO] 真實帳戶狀態：餘額 $91.60，持有部位 0 個，成交 30 筆
2026-09-02 21:47:29,217 [INFO] 真實帳戶狀態：餘額 $91.60，持有部位 0 個，成交 30 筆
2026-09-02 21:47:43,034 [INFO] 真實帳戶狀態：餘額 $91.60，持有部位 0 個，成交 30 筆
2026-09-02 21:47:57,016 [INFO] 真實帳戶狀態：餘額 $91.60，持有部位 0 個，成交 30 筆
2026-09-02 21:48:11,189 [INFO] 真實帳戶狀態：餘額 $91.60，持有部位 0 個，成交 30 筆
2026-09-02 21:48:24,920 [INFO] 真實帳戶狀態：餘額 $91.60，持有部位 0 個，成交 30 筆
2026-09-02 21:48:39,826 [INFO] 真實帳戶狀態：餘額 $91.60，持有部位 0 個，成交 30 筆
2026-09-02 21:48:53,648 [INFO] 真實帳戶狀態：餘額 $91.60，持有部位 0 個，成交 30 筆
2026-09-02 21:49:04,204 [INFO] 真實損益頁面已斷線（剩 0 個客戶端）
2026-09-02 21:49:04,205 [INFO] connection closed
2026-09-02 21:49:04,211 [INFO] connection open
2026-09-02 21:49:04,212 [INFO] 真實損益頁面已連接（共 1 個客戶端）
2026-09-02 21:49:07,820 [INFO] 真實帳戶狀態：餘額 $91.60，持有部位 0 個，成交 30 筆
2026-09-02 21:49:21,662 [INFO] 真實帳戶狀態：餘額 $91.60，持有部位 0 個，成交 30 筆
2026-09-02 21:49:35,876 [INFO] 真實帳戶狀態：餘額 $91.60，持有部位 0 個，成交 30 筆
2026-09-02 21:49:50,053 [INFO] 真實帳戶狀態：餘額 $91.60，持有部位 0 個，成交 30 筆
2026-09-02 21:50:03,897 [INFO] 真實帳戶狀態：餘額 $91.60，持有部位 0 個，成交 30 筆
2026-09-02 21:50:18,196 [INFO] 真實帳戶狀態：餘額 $91.60，持有部位 0 個，成交 30 筆
2026-09-02 21:50:31,957 [INFO] 真實帳戶狀態：餘額 $91.60，持有部位 0 個，成交 30 筆
2026-09-02 21:50:46,154 [INFO] 真實帳戶狀態：餘額 $91.60，持有部位 0 個，成交 30 筆
2026-09-02 21:50:59,901 [INFO] 真實帳戶狀態：餘額 $91.60，持有部位 0 個，成交 30 筆
2026-09-02 21:51:14,141 [INFO] 真實帳戶狀態：餘額 $91.60，持有部位 0 個，成交 30 筆
2026-09-02 21:51:27,966 [INFO] 真實帳戶狀態：餘額 $91.60，持有部位 0 個，成交 30 筆
2026-09-02 21:51:44,555 [ERROR] [py_clob_client_v2] request error: The read operation timed out
2026-09-02 21:51:46,670 [INFO] 真實帳戶狀態：餘額 $91.60，持有部位 0 個，成交 30 筆
2026-09-02 21:52:01,812 [INFO] 真實帳戶狀態：餘額 $91.60，持有部位 0 個，成交 30 筆
2026-09-02 21:52:15,873 [INFO] 真實帳戶狀態：餘額 $91.60，持有部位 0 個，成交 30 筆
2026-09-02 21:52:30,756 [INFO] 真實帳戶狀態：餘額 $91.60，持有部位 0 個，成交 30 筆
2026-09-02 21:52:44,818 [INFO] 真實帳戶狀態：餘額 $91.60，持有部位 0 個，成交 30 筆
2026-09-02 21:52:58,600 [INFO] 真實帳戶狀態：餘額 $91.60，持有部位 0 個，成交 30 筆
2026-09-02 21:53:12,431 [INFO] 真實帳戶狀態：餘額 $91.60，持有部位 0 個，成交 30 筆
2026-09-02 21:53:26,262 [INFO] 真實帳戶狀態：餘額 $91.60，持有部位 0 個，成交 30 筆
2026-09-02 21:53:40,346 [INFO] 真實帳戶狀態：餘額 $91.60，持有部位 0 個，成交 30 筆
2026-09-02 21:53:54,328 [INFO] 真實帳戶狀態：餘額 $91.60，持有部位 0 個，成交 30 筆
2026-09-02 21:54:08,606 [INFO] 真實帳戶狀態：餘額 $91.60，持有部位 0 個，成交 30 筆
2026-09-02 21:54:22,966 [INFO] 真實帳戶狀態：餘額 $91.60，持有部位 0 個，成交 30 筆
2026-09-02 21:54:36,832 [INFO] 真實帳戶狀態：餘額 $91.60，持有部位 0 個，成交 30 筆
2026-09-02 21:54:50,649 [INFO] 真實帳戶狀態：餘額 $91.60，持有部位 0 個，成交 30 筆
2026-09-02 21:55:04,497 [INFO] 真實帳戶狀態：餘額 $91.60，持有部位 0 個，成交 30 筆
2026-09-02 21:55:18,505 [INFO] 真實帳戶狀態：餘額 $91.60，持有部位 0 個，成交 30 筆
2026-09-02 21:55:32,777 [INFO] 真實帳戶狀態：餘額 $91.60，持有部位 0 個，成交 30 筆
2026-09-02 21:55:50,736 [INFO] 真實帳戶狀態：餘額 $91.60，持有部位 0 個，成交 30 筆
2026-09-02 21:56:04,557 [INFO] 真實帳戶狀態：餘額 $91.60，持有部位 0 個，成交 30 筆
2026-09-02 21:56:18,778 [INFO] 真實帳戶狀態：餘額 $91.60，持有部位 0 個，成交 30 筆
2026-09-02 21:56:35,845 [INFO] 真實帳戶狀態：餘額 $91.60，持有部位 0 個，成交 30 筆
2026-09-02 21:56:49,926 [INFO] 真實帳戶狀態：餘額 $91.60，持有部位 0 個，成交 30 筆
2026-09-02 21:57:03,957 [INFO] 真實帳戶狀態：餘額 $91.60，持有部位 0 個，成交 30 筆
2026-09-02 21:57:17,856 [INFO] 真實帳戶狀態：餘額 $91.60，持有部位 0 個，成交 30 筆
2026-09-02 21:57:31,703 [INFO] 真實帳戶狀態：餘額 $91.60，持有部位 0 個，成交 30 筆
2026-09-02 21:57:45,600 [INFO] 真實帳戶狀態：餘額 $91.60，持有部位 0 個，成交 30 筆
2026-09-02 21:58:02,117 [INFO] 真實帳戶狀態：餘額 $91.60，持有部位 0 個，成交 30 筆
2026-09-02 21:58:16,052 [INFO] 真實帳戶狀態：餘額 $91.60，持有部位 0 個，成交 30 筆
2026-09-02 21:58:29,818 [INFO] 真實帳戶狀態：餘額 $91.60，持有部位 0 個，成交 30 筆
2026-09-02 21:58:43,804 [INFO] 真實帳戶狀態：餘額 $91.60，持有部位 0 個，成交 30 筆
2026-09-02 21:59:01,528 [INFO] 真實帳戶狀態：餘額 $91.60，持有部位 0 個，成交 30 筆
2026-09-02 21:59:15,729 [INFO] 真實帳戶狀態：餘額 $91.60，持有部位 0 個，成交 30 筆
2026-09-02 21:59:29,546 [INFO] 真實帳戶狀態：餘額 $91.60，持有部位 0 個，成交 30 筆
2026-09-02 21:59:43,362 [INFO] 真實帳戶狀態：餘額 $91.60，持有部位 0 個，成交 30 筆
2026-09-02 21:59:57,579 [INFO] 真實帳戶狀態：餘額 $91.60，持有部位 0 個，成交 30 筆
2026-09-02 22:00:11,975 [INFO] 真實帳戶狀態：餘額 $91.60，持有部位 0 個，成交 30 筆
2026-09-02 22:00:26,015 [INFO] 真實帳戶狀態：餘額 $91.60，持有部位 0 個，成交 30 筆
2026-09-02 22:00:39,825 [INFO] 真實帳戶狀態：餘額 $91.60，持有部位 0 個，成交 30 筆
2026-09-02 22:00:50,968 [INFO] 真實損益頁面已斷線（剩 0 個客戶端）
2026-09-02 22:00:50,969 [INFO] connection closed
2026-09-02 22:00:50,978 [INFO] connection open
2026-09-02 22:00:50,979 [INFO] 真實損益頁面已連接（共 1 個客戶端）
2026-09-02 22:00:55,096 [INFO] 真實帳戶狀態：餘額 $91.60，持有部位 0 個，成交 30 筆
2026-09-02 22:01:08,966 [INFO] 真實帳戶狀態：餘額 $91.60，持有部位 0 個，成交 30 筆
2026-09-02 22:01:22,946 [INFO] 真實帳戶狀態：餘額 $91.60，持有部位 0 個，成交 30 筆
2026-09-02 22:01:40,391 [INFO] 真實帳戶狀態：餘額 $91.60，持有部位 0 個，成交 30 筆
2026-09-02 22:01:54,216 [INFO] 真實帳戶狀態：餘額 $91.60，持有部位 0 個，成交 30 筆
2026-09-02 22:02:08,101 [INFO] 真實帳戶狀態：餘額 $91.60，持有部位 0 個，成交 30 筆
2026-09-02 22:02:21,941 [INFO] 真實帳戶狀態：餘額 $91.60，持有部位 0 個，成交 30 筆
2026-09-02 22:02:36,753 [INFO] 真實帳戶狀態：餘額 $91.60，持有部位 0 個，成交 30 筆
2026-09-02 22:02:51,490 [INFO] 真實帳戶狀態：餘額 $91.60，持有部位 0 個，成交 30 筆
2026-09-02 22:03:05,421 [INFO] 真實帳戶狀態：餘額 $91.60，持有部位 0 個，成交 30 筆
2026-09-02 22:03:19,188 [INFO] 真實帳戶狀態：餘額 $91.60，持有部位 0 個，成交 30 筆
2026-09-02 22:03:30,715 [INFO] 真實損益頁面已斷線（剩 0 個客戶端）
2026-09-02 22:03:30,716 [INFO] connection closed
2026-09-02 22:03:30,724 [INFO] connection open
2026-09-02 22:03:30,725 [INFO] 真實損益頁面已連接（共 1 個客戶端）
2026-09-02 22:03:32,987 [INFO] 真實帳戶狀態：餘額 $91.60，持有部位 0 個，成交 30 筆
2026-09-02 22:03:46,804 [INFO] 真實帳戶狀態：餘額 $91.60，持有部位 0 個，成交 30 筆
2026-09-02 22:04:00,573 [INFO] 真實帳戶狀態：餘額 $91.60，持有部位 0 個，成交 30 筆
2026-09-02 22:04:14,412 [INFO] 真實帳戶狀態：餘額 $91.60，持有部位 0 個，成交 30 筆
2026-09-02 22:04:28,499 [INFO] 真實帳戶狀態：餘額 $91.60，持有部位 0 個，成交 30 筆
2026-09-02 22:04:42,254 [INFO] 真實帳戶狀態：餘額 $91.60，持有部位 0 個，成交 30 筆
2026-09-02 22:04:42,872 [INFO] 真實損益頁面已斷線（剩 0 個客戶端）
2026-09-02 22:04:42,873 [INFO] connection closed
2026-09-02 22:04:42,881 [INFO] connection open
2026-09-02 22:04:42,883 [INFO] 真實損益頁面已連接（共 1 個客戶端）
2026-09-02 22:04:43,481 [INFO] 真實損益頁面已斷線（剩 0 個客戶端）
2026-09-02 22:04:43,482 [INFO] connection closed
2026-09-02 22:04:43,489 [INFO] connection open
2026-09-02 22:04:43,489 [INFO] 真實損益頁面已連接（共 1 個客戶端）
2026-09-02 22:04:43,642 [INFO] 真實損益頁面已斷線（剩 0 個客戶端）
2026-09-02 22:04:43,644 [INFO] connection closed
2026-09-02 22:04:43,650 [INFO] connection open
2026-09-02 22:04:43,650 [INFO] 真實損益頁面已連接（共 1 個客戶端）
2026-09-02 22:04:43,803 [INFO] 真實損益頁面已斷線（剩 0 個客戶端）
2026-09-02 22:04:43,804 [INFO] connection closed
2026-09-02 22:04:43,810 [INFO] connection open
2026-09-02 22:04:43,812 [INFO] 真實損益頁面已連接（共 1 個客戶端）
2026-09-02 22:04:43,958 [INFO] 真實損益頁面已斷線（剩 0 個客戶端）
2026-09-02 22:04:43,960 [INFO] connection closed
2026-09-02 22:04:43,967 [INFO] connection open
2026-09-02 22:04:43,968 [INFO] 真實損益頁面已連接（共 1 個客戶端）
2026-09-02 22:04:44,391 [INFO] 真實損益頁面已斷線（剩 0 個客戶端）
2026-09-02 22:04:44,392 [INFO] connection closed
2026-09-02 22:04:44,398 [INFO] connection open
2026-09-02 22:04:44,399 [INFO] 真實損益頁面已連接（共 1 個客戶端）
2026-09-02 22:04:44,540 [INFO] 真實損益頁面已斷線（剩 0 個客戶端）
2026-09-02 22:04:44,541 [INFO] connection closed
2026-09-02 22:04:44,550 [INFO] connection open
2026-09-02 22:04:44,550 [INFO] 真實損益頁面已連接（共 1 個客戶端）
2026-09-02 22:04:49,192 [INFO] 真實損益頁面已斷線（剩 0 個客戶端）
2026-09-02 22:04:49,193 [INFO] connection closed
2026-09-02 22:04:49,199 [INFO] connection open
2026-09-02 22:04:49,201 [INFO] 真實損益頁面已連接（共 1 個客戶端）
2026-09-02 22:04:49,610 [INFO] 真實損益頁面已斷線（剩 0 個客戶端）
2026-09-02 22:04:49,610 [INFO] connection closed
2026-09-02 22:04:49,618 [INFO] connection open
2026-09-02 22:04:49,619 [INFO] 真實損益頁面已連接（共 1 個客戶端）
2026-09-02 22:04:49,819 [INFO] 真實損益頁面已斷線（剩 0 個客戶端）
2026-09-02 22:04:49,821 [INFO] connection closed
2026-09-02 22:04:49,826 [INFO] connection open
2026-09-02 22:04:49,829 [INFO] 真實損益頁面已連接（共 1 個客戶端）
2026-09-02 22:04:50,045 [INFO] 真實損益頁面已斷線（剩 0 個客戶端）
2026-09-02 22:04:50,046 [INFO] connection closed
2026-09-02 22:04:50,054 [INFO] connection open
2026-09-02 22:04:50,054 [INFO] 真實損益頁面已連接（共 1 個客戶端）
2026-09-02 22:04:56,071 [INFO] 真實帳戶狀態：餘額 $91.60，持有部位 0 個，成交 30 筆
2026-09-02 22:05:10,192 [INFO] 真實帳戶狀態：餘額 $91.60，持有部位 0 個，成交 30 筆
2026-09-02 22:05:24,093 [INFO] 真實帳戶狀態：餘額 $91.60，持有部位 0 個，成交 30 筆
2026-09-02 22:05:40,708 [INFO] 真實帳戶狀態：餘額 $91.60，持有部位 0 個，成交 30 筆
2026-09-02 22:05:57,358 [INFO] 真實帳戶狀態：餘額 $91.60，持有部位 0 個，成交 30 筆
2026-09-02 22:06:11,696 [INFO] 真實帳戶狀態：餘額 $91.60，持有部位 0 個，成交 30 筆
2026-09-02 22:06:25,601 [INFO] 真實帳戶狀態：餘額 $91.60，持有部位 0 個，成交 30 筆
2026-09-02 22:06:39,344 [INFO] 真實帳戶狀態：餘額 $91.60，持有部位 0 個，成交 30 筆
2026-09-02 22:06:53,178 [INFO] 真實帳戶狀態：餘額 $91.60，持有部位 0 個，成交 30 筆
2026-09-02 22:07:01,131 [INFO] 真實損益頁面已斷線（剩 0 個客戶端）
2026-09-02 22:07:01,132 [INFO] connection closed
2026-09-02 22:07:01,138 [INFO] connection open
2026-09-02 22:07:01,138 [INFO] 真實損益頁面已連接（共 1 個客戶端）
2026-09-02 22:07:01,583 [INFO] 真實損益頁面已斷線（剩 0 個客戶端）
2026-09-02 22:07:01,583 [INFO] connection closed
2026-09-02 22:07:01,590 [INFO] connection open
2026-09-02 22:07:01,592 [INFO] 真實損益頁面已連接（共 1 個客戶端）
2026-09-02 22:07:01,798 [INFO] 真實損益頁面已斷線（剩 0 個客戶端）
2026-09-02 22:07:01,800 [INFO] connection closed
2026-09-02 22:07:01,805 [INFO] connection open
2026-09-02 22:07:01,805 [INFO] 真實損益頁面已連接（共 1 個客戶端）
2026-09-02 22:07:02,025 [INFO] 真實損益頁面已斷線（剩 0 個客戶端）
2026-09-02 22:07:02,027 [INFO] connection closed
2026-09-02 22:07:02,032 [INFO] connection open
2026-09-02 22:07:02,033 [INFO] 真實損益頁面已連接（共 1 個客戶端）
2026-09-02 22:07:02,227 [INFO] 真實損益頁面已斷線（剩 0 個客戶端）
2026-09-02 22:07:02,228 [INFO] connection closed
2026-09-02 22:07:02,234 [INFO] connection open
2026-09-02 22:07:02,234 [INFO] 真實損益頁面已連接（共 1 個客戶端）
2026-09-02 22:07:02,440 [INFO] 真實損益頁面已斷線（剩 0 個客戶端）
2026-09-02 22:07:02,441 [INFO] connection closed
2026-09-02 22:07:02,448 [INFO] connection open
2026-09-02 22:07:02,448 [INFO] 真實損益頁面已連接（共 1 個客戶端）
2026-09-02 22:07:02,930 [INFO] 真實損益頁面已斷線（剩 0 個客戶端）
2026-09-02 22:07:02,930 [INFO] connection closed
2026-09-02 22:07:02,938 [INFO] connection open
2026-09-02 22:07:02,940 [INFO] 真實損益頁面已連接（共 1 個客戶端）
2026-09-02 22:07:03,468 [INFO] 真實損益頁面已斷線（剩 0 個客戶端）
2026-09-02 22:07:03,469 [INFO] connection closed
2026-09-02 22:07:03,476 [INFO] connection open
2026-09-02 22:07:03,477 [INFO] 真實損益頁面已連接（共 1 個客戶端）
2026-09-02 22:07:04,747 [INFO] 真實損益頁面已斷線（剩 0 個客戶端）
2026-09-02 22:07:04,748 [INFO] connection closed
2026-09-02 22:07:04,755 [INFO] connection open
2026-09-02 22:07:04,756 [INFO] 真實損益頁面已連接（共 1 個客戶端）
2026-09-02 22:07:05,017 [INFO] 真實損益頁面已斷線（剩 0 個客戶端）
2026-09-02 22:07:05,018 [INFO] connection closed
2026-09-02 22:07:05,024 [INFO] connection open
2026-09-02 22:07:05,024 [INFO] 真實損益頁面已連接（共 1 個客戶端）
2026-09-02 22:07:05,232 [INFO] 真實損益頁面已斷線（剩 0 個客戶端）
2026-09-02 22:07:05,233 [INFO] connection closed
2026-09-02 22:07:05,240 [INFO] connection open
2026-09-02 22:07:05,241 [INFO] 真實損益頁面已連接（共 1 個客戶端）
2026-09-02 22:07:05,446 [INFO] 真實損益頁面已斷線（剩 0 個客戶端）
2026-09-02 22:07:05,447 [INFO] connection closed
2026-09-02 22:07:05,455 [INFO] connection open
2026-09-02 22:07:05,456 [INFO] 真實損益頁面已連接（共 1 個客戶端）
2026-09-02 22:07:06,940 [INFO] 真實帳戶狀態：餘額 $91.60，持有部位 0 個，成交 30 筆
2026-09-02 22:07:20,872 [INFO] 真實帳戶狀態：餘額 $91.60，持有部位 0 個，成交 30 筆
2026-09-02 22:07:35,098 [INFO] 真實帳戶狀態：餘額 $91.60，持有部位 0 個，成交 30 筆
2026-09-02 22:07:48,896 [INFO] 真實帳戶狀態：餘額 $91.60，持有部位 0 個，成交 30 筆
2026-09-02 22:08:02,834 [INFO] 真實帳戶狀態：餘額 $91.60，持有部位 0 個，成交 30 筆
2026-09-02 22:08:16,876 [INFO] 真實帳戶狀態：餘額 $91.60，持有部位 0 個，成交 30 筆
2026-09-02 22:08:30,701 [INFO] 真實帳戶狀態：餘額 $91.60，持有部位 0 個，成交 30 筆
2026-09-02 22:08:45,475 [INFO] 真實帳戶狀態：餘額 $91.60，持有部位 0 個，成交 30 筆
2026-09-02 22:08:59,495 [INFO] 真實帳戶狀態：餘額 $91.60，持有部位 0 個，成交 30 筆
2026-09-02 22:09:13,723 [INFO] 真實帳戶狀態：餘額 $91.60，持有部位 0 個，成交 30 筆
2026-09-02 22:09:27,507 [INFO] 真實帳戶狀態：餘額 $91.60，持有部位 0 個，成交 30 筆
2026-09-02 22:09:41,376 [INFO] 真實帳戶狀態：餘額 $91.60，持有部位 0 個，成交 30 筆
2026-09-02 22:09:55,783 [INFO] 真實帳戶狀態：餘額 $91.60，持有部位 0 個，成交 30 筆
2026-09-02 22:10:15,459 [INFO] 真實帳戶狀態：餘額 $91.60，持有部位 0 個，成交 30 筆
2026-09-02 22:10:34,076 [INFO] 真實帳戶狀態：餘額 $91.60，持有部位 0 個，成交 30 筆
2026-09-02 22:10:48,309 [INFO] 真實帳戶狀態：餘額 $91.60，持有部位 0 個，成交 30 筆
2026-09-02 22:11:02,093 [INFO] 真實帳戶狀態：餘額 $91.60，持有部位 0 個，成交 30 筆
2026-09-02 22:11:02,824 [INFO] 真實損益頁面已斷線（剩 0 個客戶端）
2026-09-02 22:11:02,826 [INFO] connection closed
2026-09-02 22:11:02,836 [INFO] connection open
2026-09-02 22:11:02,836 [INFO] 真實損益頁面已連接（共 1 個客戶端）
2026-09-02 22:11:16,108 [INFO] 真實帳戶狀態：餘額 $91.60，持有部位 0 個，成交 30 筆
2026-09-02 22:11:30,552 [INFO] 真實帳戶狀態：餘額 $91.60，持有部位 0 個，成交 30 筆
2026-09-02 22:11:44,307 [INFO] 真實帳戶狀態：餘額 $91.60，持有部位 0 個，成交 30 筆
2026-09-02 22:11:58,525 [INFO] 真實帳戶狀態：餘額 $91.60，持有部位 0 個，成交 30 筆
2026-09-02 22:12:12,824 [INFO] 真實帳戶狀態：餘額 $91.60，持有部位 0 個，成交 30 筆
2026-09-02 22:12:26,660 [INFO] 真實帳戶狀態：餘額 $91.60，持有部位 0 個，成交 30 筆
2026-09-02 22:12:40,491 [INFO] 真實帳戶狀態：餘額 $91.60，持有部位 0 個，成交 30 筆
2026-09-02 22:12:54,220 [INFO] 真實帳戶狀態：餘額 $91.60，持有部位 0 個，成交 30 筆
2026-09-02 22:13:08,098 [INFO] 真實帳戶狀態：餘額 $91.60，持有部位 0 個，成交 30 筆
2026-09-02 22:13:21,976 [INFO] 真實帳戶狀態：餘額 $91.60，持有部位 0 個，成交 30 筆
2026-09-02 22:13:36,131 [INFO] 真實帳戶狀態：餘額 $91.60，持有部位 0 個，成交 30 筆
2026-09-02 22:13:49,901 [INFO] 真實帳戶狀態：餘額 $91.60，持有部位 0 個，成交 30 筆
2026-09-02 22:14:03,643 [INFO] 真實帳戶狀態：餘額 $91.60，持有部位 0 個，成交 30 筆
2026-09-02 22:14:17,357 [INFO] 真實帳戶狀態：餘額 $91.60，持有部位 0 個，成交 30 筆
2026-09-02 22:14:31,139 [INFO] 真實帳戶狀態：餘額 $91.60，持有部位 0 個，成交 30 筆
2026-09-02 22:14:44,949 [INFO] 真實帳戶狀態：餘額 $91.60，持有部位 0 個，成交 30 筆
2026-09-02 22:14:59,164 [INFO] 真實帳戶狀態：餘額 $91.60，持有部位 0 個，成交 30 筆
2026-09-02 22:15:03,745 [INFO] 真實損益頁面已斷線（剩 0 個客戶端）
2026-09-02 22:15:03,747 [INFO] connection closed
2026-09-02 22:15:03,753 [INFO] connection open
2026-09-02 22:15:03,755 [INFO] 真實損益頁面已連接（共 1 個客戶端）
2026-09-02 22:15:06,442 [INFO] 真實損益頁面已斷線（剩 0 個客戶端）
2026-09-02 22:15:06,443 [INFO] connection closed
2026-09-02 22:15:06,451 [INFO] connection open
2026-09-02 22:15:06,451 [INFO] 真實損益頁面已連接（共 1 個客戶端）
2026-09-02 22:15:14,175 [INFO] 真實帳戶狀態：餘額 $91.60，持有部位 0 個，成交 30 筆
2026-09-02 22:15:28,361 [INFO] 真實帳戶狀態：餘額 $91.60，持有部位 0 個，成交 30 筆
2026-09-02 22:15:42,340 [INFO] 真實帳戶狀態：餘額 $91.60，持有部位 0 個，成交 30 筆
2026-09-02 22:15:56,117 [INFO] 真實帳戶狀態：餘額 $91.60，持有部位 0 個，成交 30 筆
2026-09-02 22:16:09,904 [INFO] 真實帳戶狀態：餘額 $91.60，持有部位 0 個，成交 30 筆
2026-09-02 22:16:24,202 [INFO] 真實帳戶狀態：餘額 $91.60，持有部位 0 個，成交 30 筆
2026-09-02 22:16:38,436 [INFO] 真實帳戶狀態：餘額 $91.60，持有部位 0 個，成交 30 筆
2026-09-02 22:16:52,219 [INFO] 真實帳戶狀態：餘額 $91.60，持有部位 0 個，成交 30 筆
2026-09-02 22:17:06,086 [INFO] 真實帳戶狀態：餘額 $91.60，持有部位 0 個，成交 30 筆
2026-09-02 22:17:20,102 [INFO] 真實帳戶狀態：餘額 $91.60，持有部位 0 個，成交 30 筆
2026-09-02 22:17:33,920 [INFO] 真實帳戶狀態：餘額 $91.60，持有部位 0 個，成交 30 筆
2026-09-02 22:17:48,562 [INFO] 真實帳戶狀態：餘額 $91.60，持有部位 0 個，成交 30 筆
2026-09-02 22:18:03,161 [INFO] 真實帳戶狀態：餘額 $91.60，持有部位 0 個，成交 30 筆
2026-09-02 22:18:20,822 [INFO] 真實帳戶狀態：餘額 $91.60，持有部位 0 個，成交 30 筆
2026-09-02 22:18:35,075 [INFO] 真實帳戶狀態：餘額 $91.60，持有部位 0 個，成交 30 筆
2026-09-02 22:18:49,026 [INFO] 真實帳戶狀態：餘額 $91.60，持有部位 0 個，成交 30 筆
2026-09-02 22:19:03,806 [INFO] 真實帳戶狀態：餘額 $91.60，持有部位 0 個，成交 30 筆
2026-09-02 22:19:17,542 [INFO] 真實帳戶狀態：餘額 $91.60，持有部位 0 個，成交 30 筆
2026-09-02 22:19:26,303 [INFO] 真實損益頁面已斷線（剩 0 個客戶端）
2026-09-02 22:19:26,304 [INFO] connection closed
2026-09-02 22:19:26,313 [INFO] connection open
2026-09-02 22:19:26,314 [INFO] 真實損益頁面已連接（共 1 個客戶端）
2026-09-02 22:19:31,280 [INFO] 真實帳戶狀態：餘額 $91.60，持有部位 0 個，成交 30 筆
2026-09-02 22:19:45,469 [INFO] 真實帳戶狀態：餘額 $91.60，持有部位 0 個，成交 30 筆
2026-09-02 22:19:59,220 [INFO] 真實帳戶狀態：餘額 $91.60，持有部位 0 個，成交 30 筆
2026-09-02 22:20:13,586 [INFO] 真實帳戶狀態：餘額 $91.60，持有部位 0 個，成交 30 筆
2026-09-02 22:20:27,414 [INFO] 真實帳戶狀態：餘額 $91.60，持有部位 0 個，成交 30 筆
2026-09-02 22:20:41,624 [INFO] 真實帳戶狀態：餘額 $91.60，持有部位 0 個，成交 30 筆
2026-09-02 22:20:55,836 [INFO] 真實帳戶狀態：餘額 $91.60，持有部位 0 個，成交 30 筆
2026-09-02 22:21:09,591 [INFO] 真實帳戶狀態：餘額 $91.60，持有部位 0 個，成交 30 筆
2026-09-02 22:21:23,978 [INFO] 真實帳戶狀態：餘額 $91.60，持有部位 0 個，成交 30 筆
2026-09-02 22:21:37,783 [INFO] 真實帳戶狀態：餘額 $91.60，持有部位 0 個，成交 30 筆
2026-09-02 22:21:51,699 [INFO] 真實帳戶狀態：餘額 $91.60，持有部位 0 個，成交 30 筆
2026-09-02 22:22:05,476 [INFO] 真實帳戶狀態：餘額 $91.60，持有部位 0 個，成交 30 筆
2026-09-02 22:22:19,276 [INFO] 真實帳戶狀態：餘額 $91.60，持有部位 0 個，成交 30 筆
2026-09-02 22:22:34,753 [INFO] 真實帳戶狀態：餘額 $91.60，持有部位 0 個，成交 30 筆
2026-09-02 22:22:48,931 [INFO] 真實帳戶狀態：餘額 $91.60，持有部位 0 個，成交 30 筆
2026-09-02 22:23:04,443 [INFO] 真實帳戶狀態：餘額 $91.60，持有部位 0 個，成交 30 筆
2026-09-02 22:23:18,336 [INFO] 真實帳戶狀態：餘額 $91.60，持有部位 0 個，成交 30 筆
2026-09-02 22:23:32,256 [INFO] 真實帳戶狀態：餘額 $91.60，持有部位 0 個，成交 30 筆
2026-09-02 22:23:46,614 [INFO] 真實帳戶狀態：餘額 $91.60，持有部位 0 個，成交 30 筆
2026-09-02 22:24:00,440 [INFO] 真實帳戶狀態：餘額 $91.60，持有部位 0 個，成交 30 筆
2026-09-02 22:24:15,081 [INFO] 真實帳戶狀態：餘額 $91.60，持有部位 0 個，成交 30 筆
2026-09-02 22:24:29,350 [INFO] 真實帳戶狀態：餘額 $91.60，持有部位 0 個，成交 30 筆
2026-09-02 22:24:43,518 [INFO] 真實帳戶狀態：餘額 $91.60，持有部位 0 個，成交 30 筆
2026-09-02 22:24:57,287 [INFO] 真實帳戶狀態：餘額 $91.60，持有部位 0 個，成交 30 筆
2026-09-02 22:25:06,346 [INFO] 真實損益頁面已斷線（剩 0 個客戶端）
2026-09-02 22:25:06,347 [INFO] connection closed
2026-09-02 22:25:06,353 [INFO] connection open
2026-09-02 22:25:06,354 [INFO] 真實損益頁面已連接（共 1 個客戶端）
2026-09-02 22:25:11,044 [INFO] 真實帳戶狀態：餘額 $91.60，持有部位 0 個，成交 30 筆
2026-09-02 22:25:25,259 [INFO] 真實帳戶狀態：餘額 $91.60，持有部位 0 個，成交 30 筆
2026-09-02 22:25:41,026 [INFO] 真實帳戶狀態：餘額 $91.60，持有部位 0 個，成交 30 筆
2026-09-02 22:25:54,847 [INFO] 真實帳戶狀態：餘額 $91.60，持有部位 0 個，成交 30 筆
2026-09-02 22:26:08,663 [INFO] 真實帳戶狀態：餘額 $91.60，持有部位 0 個，成交 30 筆
2026-09-02 22:26:22,459 [INFO] 真實帳戶狀態：餘額 $91.60，持有部位 0 個，成交 30 筆
2026-09-02 22:26:36,269 [INFO] 真實帳戶狀態：餘額 $91.60，持有部位 0 個，成交 30 筆
2026-09-02 22:26:50,200 [INFO] 真實帳戶狀態：餘額 $91.60，持有部位 0 個，成交 30 筆
2026-09-02 22:27:03,947 [INFO] 真實帳戶狀態：餘額 $91.60，持有部位 0 個，成交 30 筆
2026-09-02 22:27:17,826 [INFO] 真實帳戶狀態：餘額 $91.60，持有部位 0 個，成交 30 筆
2026-09-02 22:27:31,653 [INFO] 真實帳戶狀態：餘額 $91.60，持有部位 0 個，成交 30 筆
2026-09-02 22:27:45,573 [INFO] 真實帳戶狀態：餘額 $91.60，持有部位 0 個，成交 30 筆
2026-09-02 22:27:59,909 [INFO] 真實帳戶狀態：餘額 $91.60，持有部位 0 個，成交 30 筆
2026-09-02 22:28:13,786 [INFO] 真實帳戶狀態：餘額 $91.60，持有部位 0 個，成交 30 筆
2026-09-02 22:28:27,671 [INFO] 真實帳戶狀態：餘額 $91.60，持有部位 0 個，成交 30 筆
2026-09-02 22:28:41,699 [INFO] 真實帳戶狀態：餘額 $91.60，持有部位 0 個，成交 30 筆
2026-09-02 22:28:55,476 [INFO] 真實帳戶狀態：餘額 $91.60，持有部位 0 個，成交 30 筆
2026-09-02 22:29:09,373 [INFO] 真實帳戶狀態：餘額 $91.60，持有部位 0 個，成交 30 筆
2026-09-02 22:29:23,076 [INFO] 真實帳戶狀態：餘額 $91.60，持有部位 0 個，成交 30 筆
2026-09-02 22:29:36,949 [INFO] 真實帳戶狀態：餘額 $91.60，持有部位 0 個，成交 30 筆
2026-09-02 22:29:51,160 [INFO] 真實帳戶狀態：餘額 $91.60，持有部位 0 個，成交 30 筆
2026-09-02 22:30:07,360 [INFO] 真實帳戶狀態：餘額 $91.60，持有部位 0 個，成交 30 筆
2026-09-02 22:30:21,225 [INFO] 真實帳戶狀態：餘額 $91.60，持有部位 0 個，成交 30 筆
2026-09-02 22:30:30,945 [INFO] 真實損益頁面已斷線（剩 0 個客戶端）
2026-09-02 22:30:30,946 [INFO] connection closed
2026-09-02 22:30:30,952 [INFO] connection open
2026-09-02 22:30:30,953 [INFO] 真實損益頁面已連接（共 1 個客戶端）
2026-09-02 22:30:31,140 [INFO] 真實損益頁面已斷線（剩 0 個客戶端）
2026-09-02 22:30:31,141 [INFO] connection closed
2026-09-02 22:30:31,148 [INFO] connection open
2026-09-02 22:30:31,149 [INFO] 真實損益頁面已連接（共 1 個客戶端）
2026-09-02 22:30:31,293 [INFO] 真實損益頁面已斷線（剩 0 個客戶端）
2026-09-02 22:30:31,295 [INFO] connection closed
2026-09-02 22:30:31,302 [INFO] connection open
2026-09-02 22:30:31,302 [INFO] 真實損益頁面已連接（共 1 個客戶端）
2026-09-02 22:30:35,038 [INFO] 真實帳戶狀態：餘額 $91.60，持有部位 0 個，成交 30 筆
2026-09-02 22:30:48,804 [INFO] 真實帳戶狀態：餘額 $91.60，持有部位 0 個，成交 30 筆
2026-09-02 22:31:02,700 [INFO] 真實帳戶狀態：餘額 $91.60，持有部位 0 個，成交 30 筆
2026-09-02 22:31:16,510 [INFO] 真實帳戶狀態：餘額 $91.60，持有部位 0 個，成交 30 筆
2026-09-02 22:31:30,290 [INFO] 真實帳戶狀態：餘額 $91.60，持有部位 0 個，成交 30 筆
2026-09-02 22:31:36,071 [INFO] 真實損益頁面已斷線（剩 0 個客戶端）
2026-09-02 22:31:36,072 [INFO] connection closed
2026-09-02 22:31:36,079 [INFO] connection open
2026-09-02 22:31:36,079 [INFO] 真實損益頁面已連接（共 1 個客戶端）
2026-09-02 22:31:36,571 [INFO] 真實損益頁面已斷線（剩 0 個客戶端）
2026-09-02 22:31:36,572 [INFO] connection closed
2026-09-02 22:31:36,579 [INFO] connection open
2026-09-02 22:31:36,579 [INFO] 真實損益頁面已連接（共 1 個客戶端）
2026-09-02 22:31:36,739 [INFO] 真實損益頁面已斷線（剩 0 個客戶端）
2026-09-02 22:31:36,740 [INFO] connection closed
2026-09-02 22:31:36,747 [INFO] connection open
2026-09-02 22:31:36,747 [INFO] 真實損益頁面已連接（共 1 個客戶端）
2026-09-02 22:31:36,896 [INFO] 真實損益頁面已斷線（剩 0 個客戶端）
2026-09-02 22:31:36,897 [INFO] connection closed
2026-09-02 22:31:36,903 [INFO] connection open
2026-09-02 22:31:36,904 [INFO] 真實損益頁面已連接（共 1 個客戶端）
2026-09-02 22:31:37,048 [INFO] 真實損益頁面已斷線（剩 0 個客戶端）
2026-09-02 22:31:37,049 [INFO] connection closed
2026-09-02 22:31:37,055 [INFO] connection open
2026-09-02 22:31:37,056 [INFO] 真實損益頁面已連接（共 1 個客戶端）
2026-09-02 22:31:37,217 [INFO] 真實損益頁面已斷線（剩 0 個客戶端）
2026-09-02 22:31:37,217 [INFO] connection closed
2026-09-02 22:31:37,223 [INFO] connection open
2026-09-02 22:31:37,224 [INFO] 真實損益頁面已連接（共 1 個客戶端）
2026-09-02 22:31:37,389 [INFO] 真實損益頁面已斷線（剩 0 個客戶端）
2026-09-02 22:31:37,390 [INFO] connection closed
2026-09-02 22:31:37,396 [INFO] connection open
2026-09-02 22:31:37,397 [INFO] 真實損益頁面已連接（共 1 個客戶端）
2026-09-02 22:31:37,566 [INFO] 真實損益頁面已斷線（剩 0 個客戶端）
2026-09-02 22:31:37,568 [INFO] connection closed
2026-09-02 22:31:37,574 [INFO] connection open
2026-09-02 22:31:37,575 [INFO] 真實損益頁面已連接（共 1 個客戶端）
2026-09-02 22:31:37,724 [INFO] 真實損益頁面已斷線（剩 0 個客戶端）
2026-09-02 22:31:37,725 [INFO] connection closed
2026-09-02 22:31:37,732 [INFO] connection open
2026-09-02 22:31:37,732 [INFO] 真實損益頁面已連接（共 1 個客戶端）
2026-09-02 22:31:37,907 [INFO] 真實損益頁面已斷線（剩 0 個客戶端）
2026-09-02 22:31:37,908 [INFO] connection closed
2026-09-02 22:31:37,914 [INFO] connection open
2026-09-02 22:31:37,914 [INFO] 真實損益頁面已連接（共 1 個客戶端）
2026-09-02 22:31:38,483 [INFO] 真實損益頁面已斷線（剩 0 個客戶端）
2026-09-02 22:31:38,484 [INFO] connection closed
2026-09-02 22:31:38,490 [INFO] connection open
2026-09-02 22:31:38,491 [INFO] 真實損益頁面已連接（共 1 個客戶端）
2026-09-02 22:31:38,818 [INFO] 真實損益頁面已斷線（剩 0 個客戶端）
2026-09-02 22:31:38,819 [INFO] connection closed
2026-09-02 22:31:38,826 [INFO] connection open
2026-09-02 22:31:38,826 [INFO] 真實損益頁面已連接（共 1 個客戶端）
2026-09-02 22:31:39,004 [INFO] 真實損益頁面已斷線（剩 0 個客戶端）
2026-09-02 22:31:39,005 [INFO] connection closed
2026-09-02 22:31:39,011 [INFO] connection open
2026-09-02 22:31:39,012 [INFO] 真實損益頁面已連接（共 1 個客戶端）
2026-09-02 22:31:39,199 [INFO] 真實損益頁面已斷線（剩 0 個客戶端）
2026-09-02 22:31:39,199 [INFO] connection closed
2026-09-02 22:31:39,207 [INFO] connection open
2026-09-02 22:31:39,207 [INFO] 真實損益頁面已連接（共 1 個客戶端）
2026-09-02 22:31:44,017 [INFO] 真實帳戶狀態：餘額 $91.60，持有部位 0 個，成交 30 筆
2026-09-02 22:31:57,806 [INFO] 真實帳戶狀態：餘額 $91.60，持有部位 0 個，成交 30 筆
2026-09-02 22:32:11,645 [INFO] 真實帳戶狀態：餘額 $91.60，持有部位 0 個，成交 30 筆
2026-09-02 22:32:25,856 [INFO] 真實帳戶狀態：餘額 $91.60，持有部位 0 個，成交 30 筆
2026-09-02 22:32:39,647 [INFO] 真實帳戶狀態：餘額 $91.60，持有部位 0 個，成交 30 筆
2026-09-02 22:32:53,481 [INFO] 真實帳戶狀態：餘額 $91.60，持有部位 0 個，成交 30 筆
2026-09-02 22:33:07,473 [INFO] 真實帳戶狀態：餘額 $91.60，持有部位 0 個，成交 30 筆
2026-09-02 22:33:21,325 [INFO] 真實帳戶狀態：餘額 $91.60，持有部位 0 個，成交 30 筆
2026-09-02 22:33:35,363 [INFO] 真實帳戶狀態：餘額 $91.60，持有部位 0 個，成交 30 筆
2026-09-02 22:33:49,582 [INFO] 真實帳戶狀態：餘額 $91.60，持有部位 0 個，成交 30 筆
2026-09-02 22:34:03,325 [INFO] 真實帳戶狀態：餘額 $91.60，持有部位 0 個，成交 30 筆
2026-09-02 22:34:15,338 [INFO] 真實損益頁面已斷線（剩 0 個客戶端）
2026-09-02 22:34:15,339 [INFO] connection closed
2026-09-02 22:34:15,344 [INFO] connection open
2026-09-02 22:34:15,345 [INFO] 真實損益頁面已連接（共 1 個客戶端）
2026-09-02 22:34:15,547 [INFO] 真實損益頁面已斷線（剩 0 個客戶端）
2026-09-02 22:34:15,549 [INFO] connection closed
2026-09-02 22:34:15,555 [INFO] connection open
2026-09-02 22:34:15,557 [INFO] 真實損益頁面已連接（共 1 個客戶端）
2026-09-02 22:34:15,704 [INFO] 真實損益頁面已斷線（剩 0 個客戶端）
2026-09-02 22:34:15,705 [INFO] connection closed
2026-09-02 22:34:15,712 [INFO] connection open
2026-09-02 22:34:15,712 [INFO] 真實損益頁面已連接（共 1 個客戶端）
2026-09-02 22:34:17,771 [INFO] 真實帳戶狀態：餘額 $91.60，持有部位 0 個，成交 30 筆
2026-09-02 22:34:31,747 [INFO] 真實帳戶狀態：餘額 $91.60，持有部位 0 個，成交 30 筆
2026-09-02 22:34:45,600 [INFO] 真實帳戶狀態：餘額 $91.60，持有部位 0 個，成交 30 筆
2026-09-02 22:34:59,368 [INFO] 真實帳戶狀態：餘額 $91.60，持有部位 0 個，成交 30 筆
2026-09-02 22:35:13,629 [INFO] 真實帳戶狀態：餘額 $91.60，持有部位 0 個，成交 30 筆
2026-09-02 22:35:27,382 [INFO] 真實帳戶狀態：餘額 $91.60，持有部位 0 個，成交 30 筆
2026-09-02 22:35:41,168 [INFO] 真實帳戶狀態：餘額 $91.60，持有部位 0 個，成交 30 筆
2026-09-02 22:35:44,399 [INFO] 真實損益頁面已斷線（剩 0 個客戶端）
2026-09-02 22:35:44,400 [INFO] connection closed
2026-09-02 22:35:44,407 [INFO] connection open
2026-09-02 22:35:44,408 [INFO] 真實損益頁面已連接（共 1 個客戶端）
2026-09-02 22:35:47,193 [INFO] 真實損益頁面已斷線（剩 0 個客戶端）
2026-09-02 22:35:47,194 [INFO] connection closed
2026-09-02 22:35:47,201 [INFO] connection open
2026-09-02 22:35:47,202 [INFO] 真實損益頁面已連接（共 1 個客戶端）
2026-09-02 22:35:47,500 [INFO] 真實損益頁面已斷線（剩 0 個客戶端）
2026-09-02 22:35:47,501 [INFO] connection closed
2026-09-02 22:35:47,509 [INFO] connection open
2026-09-02 22:35:47,511 [INFO] 真實損益頁面已連接（共 1 個客戶端）
2026-09-02 22:35:47,699 [INFO] 真實損益頁面已斷線（剩 0 個客戶端）
2026-09-02 22:35:47,700 [INFO] connection closed
2026-09-02 22:35:47,709 [INFO] connection open
2026-09-02 22:35:47,709 [INFO] 真實損益頁面已連接（共 1 個客戶端）
2026-09-02 22:35:47,895 [INFO] 真實損益頁面已斷線（剩 0 個客戶端）
2026-09-02 22:35:47,896 [INFO] connection closed
2026-09-02 22:35:47,903 [INFO] connection open
2026-09-02 22:35:47,905 [INFO] 真實損益頁面已連接（共 1 個客戶端）
2026-09-02 22:35:48,086 [INFO] 真實損益頁面已斷線（剩 0 個客戶端）
2026-09-02 22:35:48,087 [INFO] connection closed
2026-09-02 22:35:48,094 [INFO] connection open
2026-09-02 22:35:48,095 [INFO] 真實損益頁面已連接（共 1 個客戶端）
2026-09-02 22:35:50,598 [INFO] 真實損益頁面已斷線（剩 0 個客戶端）
2026-09-02 22:35:50,599 [INFO] connection closed
2026-09-02 22:35:50,606 [INFO] connection open
2026-09-02 22:35:50,607 [INFO] 真實損益頁面已連接（共 1 個客戶端）
2026-09-02 22:35:50,959 [INFO] 真實損益頁面已斷線（剩 0 個客戶端）
2026-09-02 22:35:50,960 [INFO] connection closed
2026-09-02 22:35:50,967 [INFO] connection open
2026-09-02 22:35:50,969 [INFO] 真實損益頁面已連接（共 1 個客戶端）
2026-09-02 22:35:51,166 [INFO] 真實損益頁面已斷線（剩 0 個客戶端）
2026-09-02 22:35:51,168 [INFO] connection closed
2026-09-02 22:35:51,174 [INFO] connection open
2026-09-02 22:35:51,175 [INFO] 真實損益頁面已連接（共 1 個客戶端）
2026-09-02 22:35:54,920 [INFO] 真實帳戶狀態：餘額 $91.60，持有部位 0 個，成交 30 筆
2026-09-02 22:36:08,761 [INFO] 真實帳戶狀態：餘額 $91.60，持有部位 0 個，成交 30 筆
2026-09-02 22:36:22,719 [INFO] 真實帳戶狀態：餘額 $91.60，持有部位 0 個，成交 30 筆
2026-09-02 22:36:36,576 [INFO] 真實帳戶狀態：餘額 $91.60，持有部位 0 個，成交 30 筆
2026-09-02 22:36:50,887 [INFO] 真實帳戶狀態：餘額 $91.60，持有部位 0 個，成交 30 筆
2026-09-02 22:37:05,136 [INFO] 真實帳戶狀態：餘額 $91.60，持有部位 0 個，成交 30 筆
2026-09-02 22:37:19,044 [INFO] 真實帳戶狀態：餘額 $91.60，持有部位 0 個，成交 30 筆
2026-09-02 22:37:32,828 [INFO] 真實帳戶狀態：餘額 $91.60，持有部位 0 個，成交 30 筆
2026-09-02 22:37:47,002 [INFO] 真實帳戶狀態：餘額 $91.60，持有部位 0 個，成交 30 筆
2026-09-02 22:38:01,279 [INFO] 真實帳戶狀態：餘額 $91.60，持有部位 0 個，成交 30 筆
2026-09-02 22:38:15,205 [INFO] 真實帳戶狀態：餘額 $91.60，持有部位 0 個，成交 30 筆
2026-09-02 22:38:28,955 [INFO] 真實帳戶狀態：餘額 $91.60，持有部位 0 個，成交 30 筆
2026-09-02 22:38:35,205 [INFO] 真實損益頁面已斷線（剩 0 個客戶端）
2026-09-02 22:38:35,205 [INFO] connection closed
2026-09-02 22:38:35,213 [INFO] connection open
2026-09-02 22:38:35,214 [INFO] 真實損益頁面已連接（共 1 個客戶端）
2026-09-02 22:38:35,416 [INFO] 真實損益頁面已斷線（剩 0 個客戶端）
2026-09-02 22:38:35,417 [INFO] connection closed
2026-09-02 22:38:35,423 [INFO] connection open
2026-09-02 22:38:35,424 [INFO] 真實損益頁面已連接（共 1 個客戶端）
2026-09-02 22:38:35,563 [INFO] 真實損益頁面已斷線（剩 0 個客戶端）
2026-09-02 22:38:35,564 [INFO] connection closed
2026-09-02 22:38:35,572 [INFO] connection open
2026-09-02 22:38:35,573 [INFO] 真實損益頁面已連接（共 1 個客戶端）
2026-09-02 22:38:35,703 [INFO] 真實損益頁面已斷線（剩 0 個客戶端）
2026-09-02 22:38:35,703 [INFO] connection closed
2026-09-02 22:38:35,710 [INFO] connection open
2026-09-02 22:38:35,711 [INFO] 真實損益頁面已連接（共 1 個客戶端）
2026-09-02 22:38:35,884 [INFO] 真實損益頁面已斷線（剩 0 個客戶端）
2026-09-02 22:38:35,885 [INFO] connection closed
2026-09-02 22:38:35,891 [INFO] connection open
2026-09-02 22:38:35,892 [INFO] 真實損益頁面已連接（共 1 個客戶端）
2026-09-02 22:38:36,055 [INFO] 真實損益頁面已斷線（剩 0 個客戶端）
2026-09-02 22:38:36,056 [INFO] connection closed
2026-09-02 22:38:36,062 [INFO] connection open
2026-09-02 22:38:36,063 [INFO] 真實損益頁面已連接（共 1 個客戶端）
2026-09-02 22:38:36,235 [INFO] 真實損益頁面已斷線（剩 0 個客戶端）
2026-09-02 22:38:36,236 [INFO] connection closed
2026-09-02 22:38:36,244 [INFO] connection open
2026-09-02 22:38:36,245 [INFO] 真實損益頁面已連接（共 1 個客戶端）
2026-09-02 22:38:42,926 [INFO] 真實帳戶狀態：餘額 $91.60，持有部位 0 個，成交 30 筆
2026-09-02 22:38:56,806 [INFO] 真實帳戶狀態：餘額 $91.60，持有部位 0 個，成交 30 筆
2026-09-02 22:38:58,861 [INFO] 真實損益頁面已斷線（剩 0 個客戶端）
2026-09-02 22:38:58,863 [INFO] connection closed
2026-09-02 22:38:58,871 [INFO] connection open
2026-09-02 22:38:58,871 [INFO] 真實損益頁面已連接（共 1 個客戶端）
2026-09-02 22:38:59,231 [INFO] 真實損益頁面已斷線（剩 0 個客戶端）
2026-09-02 22:38:59,232 [INFO] connection closed
2026-09-02 22:38:59,240 [INFO] connection open
2026-09-02 22:38:59,242 [INFO] 真實損益頁面已連接（共 1 個客戶端）
2026-09-02 22:38:59,385 [INFO] 真實損益頁面已斷線（剩 0 個客戶端）
2026-09-02 22:38:59,387 [INFO] connection closed
2026-09-02 22:38:59,393 [INFO] connection open
2026-09-02 22:38:59,393 [INFO] 真實損益頁面已連接（共 1 個客戶端）
2026-09-02 22:39:10,647 [INFO] 真實帳戶狀態：餘額 $91.60，持有部位 0 個，成交 30 筆
2026-09-02 22:39:24,533 [INFO] 真實帳戶狀態：餘額 $91.60，持有部位 0 個，成交 30 筆
2026-09-02 22:39:38,294 [INFO] 真實帳戶狀態：餘額 $91.60，持有部位 0 個，成交 30 筆
2026-09-02 22:39:52,187 [INFO] 真實帳戶狀態：餘額 $91.60，持有部位 0 個，成交 30 筆
2026-09-02 22:40:06,104 [INFO] 真實帳戶狀態：餘額 $91.60，持有部位 0 個，成交 30 筆
2026-09-02 22:40:20,318 [INFO] 真實帳戶狀態：餘額 $91.60，持有部位 0 個，成交 30 筆
2026-09-02 22:40:25,933 [INFO] 真實損益頁面已斷線（剩 0 個客戶端）
2026-09-02 22:40:25,934 [INFO] connection closed
2026-09-02 22:40:25,941 [INFO] connection open
2026-09-02 22:40:25,943 [INFO] 真實損益頁面已連接（共 1 個客戶端）
2026-09-02 22:40:26,445 [INFO] 真實損益頁面已斷線（剩 0 個客戶端）
2026-09-02 22:40:26,446 [INFO] connection closed
2026-09-02 22:40:26,452 [INFO] connection open
2026-09-02 22:40:26,453 [INFO] 真實損益頁面已連接（共 1 個客戶端）
2026-09-02 22:40:26,634 [INFO] 真實損益頁面已斷線（剩 0 個客戶端）
2026-09-02 22:40:26,635 [INFO] connection closed
2026-09-02 22:40:26,642 [INFO] connection open
2026-09-02 22:40:26,642 [INFO] 真實損益頁面已連接（共 1 個客戶端）
2026-09-02 22:40:26,806 [INFO] 真實損益頁面已斷線（剩 0 個客戶端）
2026-09-02 22:40:26,807 [INFO] connection closed
2026-09-02 22:40:26,813 [INFO] connection open
2026-09-02 22:40:26,814 [INFO] 真實損益頁面已連接（共 1 個客戶端）
2026-09-02 22:40:26,969 [INFO] 真實損益頁面已斷線（剩 0 個客戶端）
2026-09-02 22:40:26,970 [INFO] connection closed
2026-09-02 22:40:26,978 [INFO] connection open
2026-09-02 22:40:26,979 [INFO] 真實損益頁面已連接（共 1 個客戶端）
2026-09-02 22:40:27,135 [INFO] 真實損益頁面已斷線（剩 0 個客戶端）
2026-09-02 22:40:27,137 [INFO] connection closed
2026-09-02 22:40:27,142 [INFO] connection open
2026-09-02 22:40:27,143 [INFO] 真實損益頁面已連接（共 1 個客戶端）
2026-09-02 22:40:27,310 [INFO] 真實損益頁面已斷線（剩 0 個客戶端）
2026-09-02 22:40:27,311 [INFO] connection closed
2026-09-02 22:40:27,318 [INFO] connection open
2026-09-02 22:40:27,318 [INFO] 真實損益頁面已連接（共 1 個客戶端）
2026-09-02 22:40:34,099 [INFO] 真實帳戶狀態：餘額 $91.60，持有部位 0 個，成交 30 筆
2026-09-02 22:40:47,942 [INFO] 真實帳戶狀態：餘額 $91.60，持有部位 0 個，成交 30 筆
2026-09-02 22:41:01,698 [INFO] 真實帳戶狀態：餘額 $91.60，持有部位 0 個，成交 30 筆
2026-09-02 22:41:06,963 [INFO] 真實損益頁面已斷線（剩 0 個客戶端）
2026-09-02 22:41:06,964 [INFO] connection closed
2026-09-02 22:41:06,971 [INFO] connection open
2026-09-02 22:41:06,971 [INFO] 真實損益頁面已連接（共 1 個客戶端）
2026-09-02 22:41:07,376 [INFO] 真實損益頁面已斷線（剩 0 個客戶端）
2026-09-02 22:41:07,378 [INFO] connection closed
2026-09-02 22:41:07,383 [INFO] connection open
2026-09-02 22:41:07,384 [INFO] 真實損益頁面已連接（共 1 個客戶端）
2026-09-02 22:41:07,543 [INFO] 真實損益頁面已斷線（剩 0 個客戶端）
2026-09-02 22:41:07,544 [INFO] connection closed
2026-09-02 22:41:07,552 [INFO] connection open
2026-09-02 22:41:07,553 [INFO] 真實損益頁面已連接（共 1 個客戶端）
2026-09-02 22:41:07,864 [INFO] 真實損益頁面已斷線（剩 0 個客戶端）
2026-09-02 22:41:07,865 [INFO] connection closed
2026-09-02 22:41:07,872 [INFO] connection open
2026-09-02 22:41:07,873 [INFO] 真實損益頁面已連接（共 1 個客戶端）
2026-09-02 22:41:09,997 [INFO] 真實損益頁面已斷線（剩 0 個客戶端）
2026-09-02 22:41:09,999 [INFO] connection closed
2026-09-02 22:41:10,004 [INFO] connection open
2026-09-02 22:41:10,004 [INFO] 真實損益頁面已連接（共 1 個客戶端）
2026-09-02 22:41:10,192 [INFO] 真實損益頁面已斷線（剩 0 個客戶端）
2026-09-02 22:41:10,192 [INFO] connection closed
2026-09-02 22:41:10,198 [INFO] connection open
2026-09-02 22:41:10,199 [INFO] 真實損益頁面已連接（共 1 個客戶端）
2026-09-02 22:41:10,345 [INFO] 真實損益頁面已斷線（剩 0 個客戶端）
2026-09-02 22:41:10,345 [INFO] connection closed
2026-09-02 22:41:10,353 [INFO] connection open
2026-09-02 22:41:10,353 [INFO] 真實損益頁面已連接（共 1 個客戶端）
2026-09-02 22:41:15,964 [INFO] 真實帳戶狀態：餘額 $91.60，持有部位 0 個，成交 30 筆
2026-09-02 22:41:19,837 [INFO] 真實損益頁面已斷線（剩 0 個客戶端）
2026-09-02 22:41:19,838 [INFO] connection closed
2026-09-02 22:41:19,844 [INFO] connection open
2026-09-02 22:41:19,845 [INFO] 真實損益頁面已連接（共 1 個客戶端）
2026-09-02 22:41:19,999 [INFO] 真實損益頁面已斷線（剩 0 個客戶端）
2026-09-02 22:41:20,000 [INFO] connection closed
2026-09-02 22:41:20,007 [INFO] connection open
2026-09-02 22:41:20,007 [INFO] 真實損益頁面已連接（共 1 個客戶端）
2026-09-02 22:41:20,173 [INFO] 真實損益頁面已斷線（剩 0 個客戶端）
2026-09-02 22:41:20,174 [INFO] connection closed
2026-09-02 22:41:20,181 [INFO] connection open
2026-09-02 22:41:20,181 [INFO] 真實損益頁面已連接（共 1 個客戶端）
2026-09-02 22:41:20,321 [INFO] 真實損益頁面已斷線（剩 0 個客戶端）
2026-09-02 22:41:20,322 [INFO] connection closed
2026-09-02 22:41:20,330 [INFO] connection open
2026-09-02 22:41:20,331 [INFO] 真實損益頁面已連接（共 1 個客戶端）
2026-09-02 22:41:20,478 [INFO] 真實損益頁面已斷線（剩 0 個客戶端）
2026-09-02 22:41:20,478 [INFO] connection closed
2026-09-02 22:41:20,486 [INFO] connection open
2026-09-02 22:41:20,487 [INFO] 真實損益頁面已連接（共 1 個客戶端）
2026-09-02 22:41:20,629 [INFO] 真實損益頁面已斷線（剩 0 個客戶端）
2026-09-02 22:41:20,630 [INFO] connection closed
2026-09-02 22:41:20,638 [INFO] connection open
2026-09-02 22:41:20,639 [INFO] 真實損益頁面已連接（共 1 個客戶端）
2026-09-02 22:41:20,785 [INFO] 真實損益頁面已斷線（剩 0 個客戶端）
2026-09-02 22:41:20,786 [INFO] connection closed
2026-09-02 22:41:20,796 [INFO] connection open
2026-09-02 22:41:20,796 [INFO] 真實損益頁面已連接（共 1 個客戶端）
2026-09-02 22:41:20,931 [INFO] 真實損益頁面已斷線（剩 0 個客戶端）
2026-09-02 22:41:20,932 [INFO] connection closed
2026-09-02 22:41:20,939 [INFO] connection open
2026-09-02 22:41:20,940 [INFO] 真實損益頁面已連接（共 1 個客戶端）
2026-09-02 22:41:21,094 [INFO] 真實損益頁面已斷線（剩 0 個客戶端）
2026-09-02 22:41:21,095 [INFO] connection closed
2026-09-02 22:41:21,102 [INFO] connection open
2026-09-02 22:41:21,103 [INFO] 真實損益頁面已連接（共 1 個客戶端）
2026-09-02 22:41:21,246 [INFO] 真實損益頁面已斷線（剩 0 個客戶端）
2026-09-02 22:41:21,248 [INFO] connection closed
2026-09-02 22:41:21,254 [INFO] connection open
2026-09-02 22:41:21,255 [INFO] 真實損益頁面已連接（共 1 個客戶端）
2026-09-02 22:41:21,389 [INFO] 真實損益頁面已斷線（剩 0 個客戶端）
2026-09-02 22:41:21,390 [INFO] connection closed
2026-09-02 22:41:21,397 [INFO] connection open
2026-09-02 22:41:21,397 [INFO] 真實損益頁面已連接（共 1 個客戶端）
2026-09-02 22:41:21,548 [INFO] 真實損益頁面已斷線（剩 0 個客戶端）
2026-09-02 22:41:21,549 [INFO] connection closed
2026-09-02 22:41:21,556 [INFO] connection open
2026-09-02 22:41:21,557 [INFO] 真實損益頁面已連接（共 1 個客戶端）
2026-09-02 22:41:21,719 [INFO] 真實損益頁面已斷線（剩 0 個客戶端）
2026-09-02 22:41:21,720 [INFO] connection closed
2026-09-02 22:41:21,726 [INFO] connection open
2026-09-02 22:41:21,727 [INFO] 真實損益頁面已連接（共 1 個客戶端）
2026-09-02 22:41:21,910 [INFO] 真實損益頁面已斷線（剩 0 個客戶端）
2026-09-02 22:41:21,911 [INFO] connection closed
2026-09-02 22:41:21,919 [INFO] connection open
2026-09-02 22:41:21,920 [INFO] 真實損益頁面已連接（共 1 個客戶端）
2026-09-02 22:41:22,122 [INFO] 真實損益頁面已斷線（剩 0 個客戶端）
2026-09-02 22:41:22,123 [INFO] connection closed
2026-09-02 22:41:22,130 [INFO] connection open
2026-09-02 22:41:22,130 [INFO] 真實損益頁面已連接（共 1 個客戶端）
2026-09-02 22:41:22,312 [INFO] 真實損益頁面已斷線（剩 0 個客戶端）
2026-09-02 22:41:22,313 [INFO] connection closed
2026-09-02 22:41:22,321 [INFO] connection open
2026-09-02 22:41:22,322 [INFO] 真實損益頁面已連接（共 1 個客戶端）
2026-09-02 22:41:22,490 [INFO] 真實損益頁面已斷線（剩 0 個客戶端）
2026-09-02 22:41:22,491 [INFO] connection closed
2026-09-02 22:41:22,498 [INFO] connection open
2026-09-02 22:41:22,498 [INFO] 真實損益頁面已連接（共 1 個客戶端）
2026-09-02 22:41:29,767 [INFO] 真實帳戶狀態：餘額 $91.60，持有部位 0 個，成交 30 筆
