C:\Users\micha\OneDrive\文件\gravia_live\polymarket_server.py:31: DeprecationWarning: websockets.server.serve is deprecated
  from websockets.server import serve
2026-09-02 20:43:10,516 [INFO] ==================================================
2026-09-02 20:43:10,517 [INFO]   Polymarket BTC Up/Down · Real-Time Data Bridge
2026-09-02 20:43:10,517 [INFO]   WebSocket: ws://localhost:8766
2026-09-02 20:43:10,518 [INFO]   數據來源: Polymarket 公開 API（Gamma + CLOB）
2026-09-02 20:43:10,518 [INFO]   模擬記錄: C:\Users\micha\OneDrive\文件\gravia_live\polymarket_sim.sqlite3
2026-09-02 20:43:10,518 [INFO]   成交假設: Ask/Bid 深度 VWAP + Taker fee + 不利滑點
2026-09-02 20:43:10,518 [INFO]   開啟 web/polymarket.html 查看即時數據
2026-09-02 20:43:10,519 [INFO] ==================================================
2026-09-02 20:43:10,528 [INFO] server listening on 127.0.0.1:8766
2026-09-02 20:43:10,529 [INFO] server listening on [::1]:8766
2026-09-02 20:43:10,684 [INFO] [MARKET:doge] 切換到新窗口 doge-updown-5m-1788352800　結束於 2026-09-02T12:45:00Z
2026-09-02 20:43:10,687 [INFO] [MARKET:sol] 切換到新窗口 sol-updown-5m-1788352800　結束於 2026-09-02T12:45:00Z
2026-09-02 20:43:10,690 [INFO] [MARKET:hype] 切換到新窗口 hype-updown-5m-1788352800　結束於 2026-09-02T12:45:00Z
2026-09-02 20:43:10,700 [INFO] [MARKET:bnb] 切換到新窗口 bnb-updown-5m-1788352800　結束於 2026-09-02T12:45:00Z
2026-09-02 20:43:10,703 [INFO] [MARKET:eth] 切換到新窗口 eth-updown-5m-1788352800　結束於 2026-09-02T12:45:00Z
2026-09-02 20:43:10,704 [INFO] [MARKET:xrp] 切換到新窗口 xrp-updown-5m-1788352800　結束於 2026-09-02T12:45:00Z
2026-09-02 20:43:10,706 [INFO] [MARKET:btc] 切換到新窗口 btc-updown-5m-1788352800　結束於 2026-09-02T12:45:00Z
2026-09-02 20:43:11,256 [INFO] [WS] 市場資料流已連線，訂閱 14 個 token
2026-09-02 20:43:11,806 [INFO] [DIAG:sim-ws-btc] t=1788352991.807 price_sum=0.9700 up_ask=0.6100 down_ask=0.3600 lockMaxSum=0.95
2026-09-02 20:43:11,808 [INFO] [MM觀察:Up] 過去60秒無成交　目前價差=$0.010
2026-09-02 20:43:11,808 [INFO] [MM觀察:Down] 過去60秒無成交　目前價差=$0.010
2026-09-02 20:43:11,809 [INFO] [MM觀察:Up] 過去60秒無成交　目前價差=$0.010
2026-09-02 20:43:11,809 [INFO] [MM觀察:Down] 過去60秒無成交　目前價差=$0.010
2026-09-02 20:43:11,810 [INFO] [MM觀察:Up] 過去60秒無成交　目前價差=$0.060
2026-09-02 20:43:11,811 [INFO] [MM觀察:Down] 過去60秒無成交　目前價差=$0.060
2026-09-02 20:43:11,811 [INFO] [MM觀察:Up] 過去60秒無成交　目前價差=$0.060
2026-09-02 20:43:11,811 [INFO] [MM觀察:Down] 過去60秒無成交　目前價差=$0.060
2026-09-02 20:43:11,812 [INFO] [MM觀察:Up] 過去60秒無成交　目前價差=$0.150
2026-09-02 20:43:11,812 [INFO] [MM觀察:Down] 過去60秒無成交　目前價差=$0.150
2026-09-02 20:43:11,813 [INFO] [MM觀察:Up] 過去60秒無成交　目前價差=$0.090
2026-09-02 20:43:11,813 [INFO] [MM觀察:Down] 過去60秒無成交　目前價差=$0.080
2026-09-02 20:43:11,813 [INFO] [MM觀察:Up] 過去60秒無成交　目前價差=$0.070
2026-09-02 20:43:11,813 [INFO] [MM觀察:Down] 過去60秒無成交　目前價差=$0.070
2026-09-02 20:43:13,674 [INFO] [DIAG:sim-ws-btc] t=1788352993.675 price_sum=1.0000 up_ask=0.6400 down_ask=0.3600 lockMaxSum=0.95
2026-09-02 20:43:14,082 [INFO] connection open
2026-09-02 20:43:14,083 [INFO] Dashboard 已連接（共 1 個客戶端）
2026-09-02 20:43:15,355 [INFO] [DIAG:sim-ws-btc] t=1788352995.355 price_sum=1.0000 up_ask=0.6000 down_ask=0.4000 lockMaxSum=0.95
2026-09-02 20:43:16,109 [INFO] [DIAG:sim-ws-btc] t=1788352996.110 price_sum=1.0000 up_ask=0.5900 down_ask=0.4100 lockMaxSum=0.95
2026-09-02 20:43:16,834 [INFO] [DIAG:sim-ws-btc] t=1788352996.834 price_sum=1.0000 up_ask=0.4900 down_ask=0.5100 lockMaxSum=0.95
2026-09-02 20:43:20,055 [INFO] [DIAG:sim-ws-btc] t=1788353000.055 price_sum=1.0000 up_ask=0.5100 down_ask=0.4900 lockMaxSum=0.95
2026-09-02 20:43:20,955 [INFO] [DIAG:sim-ws-btc] t=1788353000.956 price_sum=1.0000 up_ask=0.5200 down_ask=0.4800 lockMaxSum=0.95
2026-09-02 20:43:21,642 [INFO] [DIAG:sim-ws-btc] t=1788353001.642 price_sum=1.0000 up_ask=0.5100 down_ask=0.4900 lockMaxSum=0.95
2026-09-02 20:43:24,888 [INFO] [DIAG:sim-ws-btc] t=1788353004.889 price_sum=1.0000 up_ask=0.4700 down_ask=0.5300 lockMaxSum=0.95
2026-09-02 20:43:31,994 [INFO] [DIAG:sim-ws-btc] t=1788353011.994 price_sum=1.0000 up_ask=0.6400 down_ask=0.3600 lockMaxSum=0.95
2026-09-02 20:43:33,327 [INFO] [DIAG:sim-ws-btc] t=1788353013.328 price_sum=0.9800 up_ask=0.7100 down_ask=0.2700 lockMaxSum=0.95
2026-09-02 20:43:38,320 [INFO] [DIAG:sim-ws-btc] t=1788353018.320 price_sum=1.0000 up_ask=0.5500 down_ask=0.4500 lockMaxSum=0.95
2026-09-02 20:43:41,333 [INFO] [DIAG:sim-ws-btc] t=1788353021.334 price_sum=0.9300 up_ask=0.2900 down_ask=0.6400 lockMaxSum=0.95
2026-09-02 20:43:42,234 [INFO] [DIAG:sim-ws-btc] t=1788353022.235 price_sum=1.0000 up_ask=0.4100 down_ask=0.5900 lockMaxSum=0.95
2026-09-02 20:43:42,794 [INFO] [DIAG:sim-ws-btc] t=1788353022.794 price_sum=1.0000 up_ask=0.4200 down_ask=0.5800 lockMaxSum=0.95
2026-09-02 20:43:44,014 [INFO] [DIAG:sim-ws-btc] t=1788353024.014 price_sum=1.0000 up_ask=0.4000 down_ask=0.6000 lockMaxSum=0.95
2026-09-02 20:43:45,302 [INFO] [DIAG:sim-ws-btc] t=1788353025.302 price_sum=1.0000 up_ask=0.3800 down_ask=0.6200 lockMaxSum=0.95
2026-09-02 20:43:50,340 [INFO] [DIAG:sim-ws-btc] t=1788353030.340 price_sum=0.9500 up_ask=0.3000 down_ask=0.6500 lockMaxSum=0.95
2026-09-02 20:43:51,405 [INFO] [DIAG:sim-ws-btc] t=1788353031.405 price_sum=0.9900 up_ask=0.3200 down_ask=0.6700 lockMaxSum=0.95
2026-09-02 20:43:52,991 [INFO] [DIAG:sim-ws-btc] t=1788353032.992 price_sum=1.0000 up_ask=0.4800 down_ask=0.5200 lockMaxSum=0.95
2026-09-02 20:43:59,349 [INFO] [DIAG:sim-ws-btc] t=1788353039.350 price_sum=1.0000 up_ask=0.5000 down_ask=0.5000 lockMaxSum=0.95
2026-09-02 20:44:03,103 [INFO] [DIAG:sim-ws-btc] t=1788353043.104 price_sum=1.0000 up_ask=0.5200 down_ask=0.4800 lockMaxSum=0.95
2026-09-02 20:44:05,787 [INFO] [DIAG:sim-ws-btc] t=1788353045.788 price_sum=1.0000 up_ask=0.5600 down_ask=0.4400 lockMaxSum=0.95
2026-09-02 20:44:06,355 [INFO] [DIAG:sim-ws-btc] t=1788353046.356 price_sum=1.0000 up_ask=0.6500 down_ask=0.3500 lockMaxSum=0.95
2026-09-02 20:44:09,043 [INFO] [DIAG:sim-ws-btc] t=1788353049.043 price_sum=1.0000 up_ask=0.6800 down_ask=0.3200 lockMaxSum=0.95
2026-09-02 20:44:10,019 [INFO] [DIAG:sim-ws-btc] t=1788353050.020 price_sum=0.9800 up_ask=0.6500 down_ask=0.3300 lockMaxSum=0.95
2026-09-02 20:44:11,808 [INFO] [MM觀察:Up] 過去60秒 成交300筆　總量=7053.4股　平均單筆=23.5股　目前價差=$0.010
2026-09-02 20:44:11,809 [INFO] [MM觀察:Down] 過去60秒 成交300筆　總量=9281.4股　平均單筆=30.9股　目前價差=$0.010
2026-09-02 20:44:11,810 [INFO] [MM觀察:Up] 過去60秒 成交73筆　總量=707.1股　平均單筆=9.7股　目前價差=$0.040
2026-09-02 20:44:11,810 [INFO] [MM觀察:Down] 過去60秒 成交48筆　總量=620.4股　平均單筆=12.9股　目前價差=$0.040
2026-09-02 20:44:11,811 [INFO] [MM觀察:Up] 過去60秒 成交16筆　總量=63.7股　平均單筆=4.0股　目前價差=$0.080
2026-09-02 20:44:11,811 [INFO] [MM觀察:Down] 過去60秒 成交18筆　總量=104.7股　平均單筆=5.8股　目前價差=$0.080
2026-09-02 20:44:11,812 [INFO] [MM觀察:Up] 過去60秒 成交12筆　總量=131.3股　平均單筆=10.9股　目前價差=無雙邊報價
2026-09-02 20:44:11,812 [INFO] [MM觀察:Down] 過去60秒 成交10筆　總量=193.0股　平均單筆=19.3股　目前價差=無雙邊報價
2026-09-02 20:44:11,813 [INFO] [MM觀察:Up] 過去60秒 成交4筆　總量=75.1股　平均單筆=18.8股　目前價差=$0.340
2026-09-02 20:44:11,813 [INFO] [MM觀察:Down] 過去60秒 成交6筆　總量=47.8股　平均單筆=8.0股　目前價差=$0.340
2026-09-02 20:44:11,814 [INFO] [MM觀察:Up] 過去60秒 成交3筆　總量=10.7股　平均單筆=3.6股　目前價差=$0.130
2026-09-02 20:44:11,814 [INFO] [MM觀察:Down] 過去60秒 成交2筆　總量=75.0股　平均單筆=37.5股　目前價差=$0.130
2026-09-02 20:44:11,814 [INFO] [MM觀察:Up] 過去60秒 成交10筆　總量=7.6股　平均單筆=0.8股　目前價差=$0.090
2026-09-02 20:44:11,814 [INFO] [MM觀察:Down] 過去60秒 成交14筆　總量=8.8股　平均單筆=0.6股　目前價差=$0.090
2026-09-02 20:44:14,686 [INFO] [DIAG:sim-ws-btc] t=1788353054.687 price_sum=1.0000 up_ask=0.6400 down_ask=0.3600 lockMaxSum=0.95
2026-09-02 20:44:18,835 [INFO] [DIAG:sim-ws-btc] t=1788353058.835 price_sum=1.0000 up_ask=0.6900 down_ask=0.3100 lockMaxSum=0.95
2026-09-02 20:44:19,415 [INFO] [DIAG:sim-ws-btc] t=1788353059.415 price_sum=1.0000 up_ask=0.7300 down_ask=0.2700 lockMaxSum=0.95
2026-09-02 20:44:20,139 [INFO] [DIAG:sim-ws-btc] t=1788353060.140 price_sum=0.9800 up_ask=0.6800 down_ask=0.3000 lockMaxSum=0.95
2026-09-02 20:44:22,182 [INFO] [DIAG:sim-ws-btc] t=1788353062.183 price_sum=1.0000 up_ask=0.7300 down_ask=0.2700 lockMaxSum=0.95
2026-09-02 20:44:26,148 [INFO] [DIAG:sim-ws-btc] t=1788353066.148 price_sum=1.0000 up_ask=0.7700 down_ask=0.2300 lockMaxSum=0.95
2026-09-02 20:44:28,009 [INFO] [DIAG:sim-ws-btc] t=1788353068.009 price_sum=1.0000 up_ask=0.7700 down_ask=0.2300 lockMaxSum=0.95
2026-09-02 20:44:28,834 [INFO] [DIAG:sim-ws-btc] t=1788353068.834 price_sum=1.0000 up_ask=0.7800 down_ask=0.2200 lockMaxSum=0.95
2026-09-02 20:44:29,933 [INFO] [DIAG:sim-ws-btc] t=1788353069.934 price_sum=1.0000 up_ask=0.8100 down_ask=0.1900 lockMaxSum=0.95
2026-09-02 20:44:31,566 [INFO] [DIAG:sim-ws-btc] t=1788353071.566 price_sum=1.0000 up_ask=0.8400 down_ask=0.1600 lockMaxSum=0.95
2026-09-02 20:44:33,250 [INFO] [DIAG:sim-ws-btc] t=1788353073.251 price_sum=1.0000 up_ask=0.8700 down_ask=0.1300 lockMaxSum=0.95
2026-09-02 20:44:37,060 [INFO] [DIAG:sim-ws-btc] t=1788353077.060 price_sum=1.0000 up_ask=0.9300 down_ask=0.0700 lockMaxSum=0.95
2026-09-02 20:44:42,265 [INFO] [DIAG:sim-ws-btc] t=1788353082.266 price_sum=1.0000 up_ask=0.9800 down_ask=0.0200 lockMaxSum=0.95
2026-09-02 20:44:47,908 [INFO] [DIAG:sim-ws-btc] t=1788353087.908 price_sum=1.0000 up_ask=0.9900 down_ask=0.0100 lockMaxSum=0.95
2026-09-02 20:45:02,033 [INFO] [MARKET:eth] 切換到新窗口 eth-updown-5m-1788353100　結束於 2026-09-02T12:50:00Z
2026-09-02 20:45:02,039 [INFO] [MARKET:sol] 切換到新窗口 sol-updown-5m-1788353100　結束於 2026-09-02T12:50:00Z
2026-09-02 20:45:02,044 [INFO] [MARKET:bnb] 切換到新窗口 bnb-updown-5m-1788353100　結束於 2026-09-02T12:50:00Z
2026-09-02 20:45:02,049 [INFO] [MARKET:doge] 切換到新窗口 doge-updown-5m-1788353100　結束於 2026-09-02T12:50:00Z
2026-09-02 20:45:02,054 [INFO] [MARKET:btc] 切換到新窗口 btc-updown-5m-1788353100　結束於 2026-09-02T12:50:00Z
2026-09-02 20:45:02,064 [INFO] [MARKET:xrp] 切換到新窗口 xrp-updown-5m-1788353100　結束於 2026-09-02T12:50:00Z
2026-09-02 20:45:02,071 [INFO] [MARKET:hype] 切換到新窗口 hype-updown-5m-1788353100　結束於 2026-09-02T12:50:00Z
2026-09-02 20:45:03,627 [INFO] [DIAG:sim-ws-btc] t=1788353103.627 price_sum=0.9900 up_ask=0.6200 down_ask=0.3700 lockMaxSum=0.95
2026-09-02 20:45:05,538 [INFO] [DIAG:sim-ws-btc] t=1788353105.539 price_sum=1.0000 up_ask=0.6300 down_ask=0.3700 lockMaxSum=0.95
2026-09-02 20:45:07,893 [INFO] [DIAG:sim-ws-btc] t=1788353107.893 price_sum=1.0000 up_ask=0.5800 down_ask=0.4200 lockMaxSum=0.95
2026-09-02 20:45:09,185 [INFO] [DIAG:sim-ws-btc] t=1788353109.186 price_sum=1.0000 up_ask=0.4300 down_ask=0.5700 lockMaxSum=0.95
2026-09-02 20:45:10,143 [INFO] [DIAG:sim-ws-btc] t=1788353110.144 price_sum=1.0000 up_ask=0.4700 down_ask=0.5300 lockMaxSum=0.95
2026-09-02 20:45:11,809 [INFO] [MM觀察:Up] 過去60秒 成交46筆　總量=2605.3股　平均單筆=56.6股　目前價差=$0.010
2026-09-02 20:45:11,810 [INFO] [MM觀察:Down] 過去60秒 成交75筆　總量=2257.1股　平均單筆=30.1股　目前價差=$0.010
2026-09-02 20:45:11,810 [INFO] [MM觀察:Up] 過去60秒 成交10筆　總量=388.9股　平均單筆=38.9股　目前價差=$0.010
2026-09-02 20:45:11,810 [INFO] [MM觀察:Down] 過去60秒 成交16筆　總量=223.8股　平均單筆=14.0股　目前價差=$0.010
2026-09-02 20:45:11,811 [INFO] [MM觀察:Up] 過去60秒 成交5筆　總量=174.8股　平均單筆=35.0股　目前價差=$0.070
2026-09-02 20:45:11,811 [INFO] [MM觀察:Down] 過去60秒 成交3筆　總量=28.5股　平均單筆=9.5股　目前價差=$0.070
2026-09-02 20:45:11,811 [INFO] [MM觀察:Up] 過去60秒 成交5筆　總量=201.7股　平均單筆=40.3股　目前價差=$0.070
2026-09-02 20:45:11,811 [INFO] [MM觀察:Down] 過去60秒 成交3筆　總量=30.0股　平均單筆=10.0股　目前價差=$0.070
2026-09-02 20:45:11,812 [INFO] [MM觀察:Up] 過去60秒 成交5筆　總量=33.6股　平均單筆=6.7股　目前價差=$0.060
2026-09-02 20:45:11,812 [INFO] [MM觀察:Down] 過去60秒 成交1筆　總量=10.0股　平均單筆=10.0股　目前價差=$0.060
2026-09-02 20:45:11,812 [INFO] [MM觀察:Up] 過去60秒 成交6筆　總量=13.1股　平均單筆=2.2股　目前價差=$0.050
2026-09-02 20:45:11,812 [INFO] [MM觀察:Down] 過去60秒 成交1筆　總量=2.4股　平均單筆=2.4股　目前價差=$0.050
2026-09-02 20:45:11,812 [INFO] [MM觀察:Up] 過去60秒 成交3筆　總量=0.1股　平均單筆=0.0股　目前價差=$0.030
2026-09-02 20:45:11,813 [INFO] [MM觀察:Down] 過去60秒 成交3筆　總量=84.0股　平均單筆=28.0股　目前價差=$0.030
2026-09-02 20:45:12,266 [INFO] [DIAG:sim-ws-btc] t=1788353112.266 price_sum=1.0000 up_ask=0.4800 down_ask=0.5200 lockMaxSum=0.95
2026-09-02 20:45:13,697 [INFO] [DIAG:sim-ws-btc] t=1788353113.697 price_sum=1.0000 up_ask=0.4800 down_ask=0.5200 lockMaxSum=0.95
2026-09-02 20:45:15,037 [INFO] [DIAG:sim-ws-btc] t=1788353115.038 price_sum=1.0000 up_ask=0.3800 down_ask=0.6200 lockMaxSum=0.95
2026-09-02 20:45:16,051 [INFO] [DIAG:sim-ws-btc] t=1788353116.052 price_sum=0.9900 up_ask=0.3900 down_ask=0.6000 lockMaxSum=0.95
2026-09-02 20:45:17,707 [INFO] [DIAG:sim-ws-btc] t=1788353117.707 price_sum=1.0000 up_ask=0.3900 down_ask=0.6100 lockMaxSum=0.95
2026-09-02 20:45:24,044 [INFO] [DIAG:sim-ws-btc] t=1788353124.044 price_sum=1.0000 up_ask=0.4300 down_ask=0.5700 lockMaxSum=0.95
2026-09-02 20:45:31,435 [INFO] [DIAG:sim-ws-btc] t=1788353131.435 price_sum=1.0000 up_ask=0.4600 down_ask=0.5400 lockMaxSum=0.95
2026-09-02 20:45:33,527 [INFO] [DIAG:sim-ws-btc] t=1788353133.527 price_sum=1.0000 up_ask=0.3600 down_ask=0.6400 lockMaxSum=0.95
2026-09-02 20:45:35,854 [INFO] [DIAG:sim-ws-btc] t=1788353135.855 price_sum=1.0000 up_ask=0.3600 down_ask=0.6400 lockMaxSum=0.95
2026-09-02 20:45:37,324 [INFO] [DIAG:sim-ws-btc] t=1788353137.325 price_sum=1.0000 up_ask=0.2900 down_ask=0.7100 lockMaxSum=0.95
2026-09-02 20:45:38,447 [INFO] [DIAG:sim-ws-btc] t=1788353138.447 price_sum=1.0000 up_ask=0.3100 down_ask=0.6900 lockMaxSum=0.95
2026-09-02 20:45:43,246 [INFO] [DIAG:sim-ws-btc] t=1788353143.246 price_sum=1.0000 up_ask=0.3300 down_ask=0.6700 lockMaxSum=0.95
2026-09-02 20:45:45,074 [INFO] [DIAG:sim-ws-btc] t=1788353145.074 price_sum=1.0000 up_ask=0.3500 down_ask=0.6500 lockMaxSum=0.95
2026-09-02 20:45:50,605 [INFO] [DIAG:sim-ws-btc] t=1788353150.606 price_sum=1.0000 up_ask=0.3500 down_ask=0.6500 lockMaxSum=0.95
2026-09-02 20:45:51,173 [INFO] [DIAG:sim-ws-btc] t=1788353151.174 price_sum=1.0000 up_ask=0.3100 down_ask=0.6900 lockMaxSum=0.95
